{
  "config": {
    "argv": [
      "/Users/aristotle/Library/Application Support/fnm/node-versions/v22.15.0/installation/bin/node",
      "/Users/aristotle/Documents/Projects/ts-drp-1/node_modules/.pnpm/@playwright+test@1.62.1/node_modules/@playwright/test/cli.js",
      "test",
      "--config",
      "packages/storage-browser/playwright.phase-6a-creator-successor-activation.config.ts",
      "--list",
      "--reporter=json"
    ],
    "configFile": "/Users/aristotle/Documents/Projects/ts-drp-1/packages/storage-browser/playwright.phase-6a-creator-successor-activation.config.ts",
    "rootDir": "/Users/aristotle/Documents/Projects/ts-drp-1/packages/storage-browser/tests",
    "failOnFlakyTests": false,
    "forbidOnly": true,
    "fullyParallel": false,
    "globalSetup": "/Users/aristotle/Documents/Projects/ts-drp-1/packages/storage-browser/tests/phase-6a-creator-successor-activation-global-setup.ts",
    "globalTeardown": null,
    "globalTimeout": 300000,
    "grep": {},
    "grepInvert": null,
    "maxFailures": 0,
    "metadata": {},
    "preserveOutput": "always",
    "projects": [
      {
        "outputDir": "/Users/aristotle/Documents/Projects/ts-drp-1/packages/storage-browser/test-results",
        "repeatEach": 1,
        "retries": 0,
        "metadata": {},
        "id": "chromium",
        "name": "chromium",
        "testDir": "/Users/aristotle/Documents/Projects/ts-drp-1/packages/storage-browser/tests",
        "testIgnore": [],
        "testMatch": [
          "phase-6a-creator-successor-activation.pw.ts"
        ],
        "timeout": 60000
      },
      {
        "outputDir": "/Users/aristotle/Documents/Projects/ts-drp-1/packages/storage-browser/test-results",
        "repeatEach": 1,
        "retries": 0,
        "metadata": {},
        "id": "firefox",
        "name": "firefox",
        "testDir": "/Users/aristotle/Documents/Projects/ts-drp-1/packages/storage-browser/tests",
        "testIgnore": [],
        "testMatch": [
          "phase-6a-creator-successor-activation.pw.ts"
        ],
        "timeout": 60000
      },
      {
        "outputDir": "/Users/aristotle/Documents/Projects/ts-drp-1/packages/storage-browser/test-results",
        "repeatEach": 1,
        "retries": 0,
        "metadata": {},
        "id": "webkit",
        "name": "webkit",
        "testDir": "/Users/aristotle/Documents/Projects/ts-drp-1/packages/storage-browser/tests",
        "testIgnore": [],
        "testMatch": [
          "phase-6a-creator-successor-activation.pw.ts"
        ],
        "timeout": 60000
      }
    ],
    "quiet": false,
    "reporter": [
      [
        "json"
      ]
    ],
    "reportSlowTests": {
      "max": 5,
      "threshold": 300000
    },
    "shard": null,
    "tags": [],
    "updateSnapshots": "missing",
    "updateSourceMethod": "patch",
    "version": "1.62.1",
    "workers": 1,
    "webServer": null
  },
  "suites": [
    {
      "title": "phase-6a-creator-successor-activation.pw.ts",
      "file": "phase-6a-creator-successor-activation.pw.ts",
      "column": 0,
      "line": 0,
      "specs": [
        {
          "title": "pins the complete browser behavior inventory",
          "ok": true,
          "tags": [],
          "tests": [
            {
              "timeout": 60000,
              "annotations": [],
              "expectedStatus": "passed",
              "projectId": "chromium",
              "projectName": "chromium",
              "results": [],
              "status": "skipped"
            }
          ],
          "id": "3ea9c7796897f99cfa88-0cb86ac1437b178f3947",
          "file": "phase-6a-creator-successor-activation.pw.ts",
          "line": 144,
          "column": 1
        },
        {
          "title": "dedicated worker holds the origin-wide lifetime lock against a Window contender then releases it",
          "ok": true,
          "tags": [],
          "tests": [
            {
              "timeout": 60000,
              "annotations": [],
              "expectedStatus": "passed",
              "projectId": "chromium",
              "projectName": "chromium",
              "results": [],
              "status": "skipped"
            }
          ],
          "id": "3ea9c7796897f99cfa88-d42205e9c33d414f4ca1",
          "file": "phase-6a-creator-successor-activation.pw.ts",
          "line": 164,
          "column": 1
        },
        {
          "title": "missing or hostile worker LockManager authority fails closed before activation",
          "ok": true,
          "tags": [],
          "tests": [
            {
              "timeout": 60000,
              "annotations": [],
              "expectedStatus": "passed",
              "projectId": "chromium",
              "projectName": "chromium",
              "results": [],
              "status": "skipped"
            }
          ],
          "id": "3ea9c7796897f99cfa88-39ab61c795386610ae61",
          "file": "phase-6a-creator-successor-activation.pw.ts",
          "line": 199,
          "column": 1
        },
        {
          "title": "wrong-key and throwing browser possession fail before writer activation",
          "ok": true,
          "tags": [],
          "tests": [
            {
              "timeout": 60000,
              "annotations": [],
              "expectedStatus": "passed",
              "projectId": "chromium",
              "projectName": "chromium",
              "results": [],
              "status": "skipped"
            }
          ],
          "id": "3ea9c7796897f99cfa88-f6ca24862dc5c62d8dbc",
          "file": "phase-6a-creator-successor-activation.pw.ts",
          "line": 231,
          "column": 1
        },
        {
          "title": "window probes distinguish production lock contention from fixture busy state and isolate possession failures",
          "ok": true,
          "tags": [],
          "tests": [
            {
              "timeout": 60000,
              "annotations": [],
              "expectedStatus": "passed",
              "projectId": "chromium",
              "projectName": "chromium",
              "results": [],
              "status": "skipped"
            }
          ],
          "id": "3ea9c7796897f99cfa88-c05de839cd5630fa0a70",
          "file": "phase-6a-creator-successor-activation.pw.ts",
          "line": 262,
          "column": 1
        },
        {
          "title": "window observes lock authority before durable store opening and possession probes use exact suffixed databases",
          "ok": true,
          "tags": [],
          "tests": [
            {
              "timeout": 60000,
              "annotations": [],
              "expectedStatus": "passed",
              "projectId": "chromium",
              "projectName": "chromium",
              "results": [],
              "status": "skipped"
            }
          ],
          "id": "3ea9c7796897f99cfa88-c6fd76df9400dc08f5de",
          "file": "phase-6a-creator-successor-activation.pw.ts",
          "line": 347,
          "column": 1
        },
        {
          "title": "missing or hostile LockManager authority fails activation closed",
          "ok": true,
          "tags": [],
          "tests": [
            {
              "timeout": 60000,
              "annotations": [],
              "expectedStatus": "passed",
              "projectId": "chromium",
              "projectName": "chromium",
              "results": [],
              "status": "skipped"
            }
          ],
          "id": "3ea9c7796897f99cfa88-cd589cbf60dd0211aebd",
          "file": "phase-6a-creator-successor-activation.pw.ts",
          "line": 394,
          "column": 1
        },
        {
          "title": "two tabs elect one lifetime-held writer then a freshly reverified loser wins after release",
          "ok": true,
          "tags": [],
          "tests": [
            {
              "timeout": 60000,
              "annotations": [],
              "expectedStatus": "passed",
              "projectId": "chromium",
              "projectName": "chromium",
              "results": [],
              "status": "skipped"
            }
          ],
          "id": "3ea9c7796897f99cfa88-d9599a310ce7d6a6de65",
          "file": "phase-6a-creator-successor-activation.pw.ts",
          "line": 412,
          "column": 1
        },
        {
          "title": "pins the complete browser behavior inventory",
          "ok": true,
          "tags": [],
          "tests": [
            {
              "timeout": 60000,
              "annotations": [],
              "expectedStatus": "passed",
              "projectId": "firefox",
              "projectName": "firefox",
              "results": [],
              "status": "skipped"
            }
          ],
          "id": "3ea9c7796897f99cfa88-4375df957c211fb316cb",
          "file": "phase-6a-creator-successor-activation.pw.ts",
          "line": 144,
          "column": 1
        },
        {
          "title": "dedicated worker holds the origin-wide lifetime lock against a Window contender then releases it",
          "ok": true,
          "tags": [],
          "tests": [
            {
              "timeout": 60000,
              "annotations": [],
              "expectedStatus": "passed",
              "projectId": "firefox",
              "projectName": "firefox",
              "results": [],
              "status": "skipped"
            }
          ],
          "id": "3ea9c7796897f99cfa88-2be8692ce02917fcd857",
          "file": "phase-6a-creator-successor-activation.pw.ts",
          "line": 164,
          "column": 1
        },
        {
          "title": "missing or hostile worker LockManager authority fails closed before activation",
          "ok": true,
          "tags": [],
          "tests": [
            {
              "timeout": 60000,
              "annotations": [],
              "expectedStatus": "passed",
              "projectId": "firefox",
              "projectName": "firefox",
              "results": [],
              "status": "skipped"
            }
          ],
          "id": "3ea9c7796897f99cfa88-7bc8dbf920448928ec61",
          "file": "phase-6a-creator-successor-activation.pw.ts",
          "line": 199,
          "column": 1
        },
        {
          "title": "wrong-key and throwing browser possession fail before writer activation",
          "ok": true,
          "tags": [],
          "tests": [
            {
              "timeout": 60000,
              "annotations": [],
              "expectedStatus": "passed",
              "projectId": "firefox",
              "projectName": "firefox",
              "results": [],
              "status": "skipped"
            }
          ],
          "id": "3ea9c7796897f99cfa88-e221733e94180e3d46d0",
          "file": "phase-6a-creator-successor-activation.pw.ts",
          "line": 231,
          "column": 1
        },
        {
          "title": "window probes distinguish production lock contention from fixture busy state and isolate possession failures",
          "ok": true,
          "tags": [],
          "tests": [
            {
              "timeout": 60000,
              "annotations": [],
              "expectedStatus": "passed",
              "projectId": "firefox",
              "projectName": "firefox",
              "results": [],
              "status": "skipped"
            }
          ],
          "id": "3ea9c7796897f99cfa88-dc4698d7a044a30c526f",
          "file": "phase-6a-creator-successor-activation.pw.ts",
          "line": 262,
          "column": 1
        },
        {
          "title": "window observes lock authority before durable store opening and possession probes use exact suffixed databases",
          "ok": true,
          "tags": [],
          "tests": [
            {
              "timeout": 60000,
              "annotations": [],
              "expectedStatus": "passed",
              "projectId": "firefox",
              "projectName": "firefox",
              "results": [],
              "status": "skipped"
            }
          ],
          "id": "3ea9c7796897f99cfa88-5e03ce21e6a8b605f66e",
          "file": "phase-6a-creator-successor-activation.pw.ts",
          "line": 347,
          "column": 1
        },
        {
          "title": "missing or hostile LockManager authority fails activation closed",
          "ok": true,
          "tags": [],
          "tests": [
            {
              "timeout": 60000,
              "annotations": [],
              "expectedStatus": "passed",
              "projectId": "firefox",
              "projectName": "firefox",
              "results": [],
              "status": "skipped"
            }
          ],
          "id": "3ea9c7796897f99cfa88-0f8992088895d54e1520",
          "file": "phase-6a-creator-successor-activation.pw.ts",
          "line": 394,
          "column": 1
        },
        {
          "title": "two tabs elect one lifetime-held writer then a freshly reverified loser wins after release",
          "ok": true,
          "tags": [],
          "tests": [
            {
              "timeout": 60000,
              "annotations": [],
              "expectedStatus": "passed",
              "projectId": "firefox",
              "projectName": "firefox",
              "results": [],
              "status": "skipped"
            }
          ],
          "id": "3ea9c7796897f99cfa88-ac742575e947ea89c136",
          "file": "phase-6a-creator-successor-activation.pw.ts",
          "line": 412,
          "column": 1
        },
        {
          "title": "pins the complete browser behavior inventory",
          "ok": true,
          "tags": [],
          "tests": [
            {
              "timeout": 60000,
              "annotations": [],
              "expectedStatus": "passed",
              "projectId": "webkit",
              "projectName": "webkit",
              "results": [],
              "status": "skipped"
            }
          ],
          "id": "3ea9c7796897f99cfa88-1e5332d09dbc367ebe30",
          "file": "phase-6a-creator-successor-activation.pw.ts",
          "line": 144,
          "column": 1
        },
        {
          "title": "dedicated worker holds the origin-wide lifetime lock against a Window contender then releases it",
          "ok": true,
          "tags": [],
          "tests": [
            {
              "timeout": 60000,
              "annotations": [],
              "expectedStatus": "passed",
              "projectId": "webkit",
              "projectName": "webkit",
              "results": [],
              "status": "skipped"
            }
          ],
          "id": "3ea9c7796897f99cfa88-49ce71f046680a67a228",
          "file": "phase-6a-creator-successor-activation.pw.ts",
          "line": 164,
          "column": 1
        },
        {
          "title": "missing or hostile worker LockManager authority fails closed before activation",
          "ok": true,
          "tags": [],
          "tests": [
            {
              "timeout": 60000,
              "annotations": [],
              "expectedStatus": "passed",
              "projectId": "webkit",
              "projectName": "webkit",
              "results": [],
              "status": "skipped"
            }
          ],
          "id": "3ea9c7796897f99cfa88-a1259c6348e39b2be7b0",
          "file": "phase-6a-creator-successor-activation.pw.ts",
          "line": 199,
          "column": 1
        },
        {
          "title": "wrong-key and throwing browser possession fail before writer activation",
          "ok": true,
          "tags": [],
          "tests": [
            {
              "timeout": 60000,
              "annotations": [],
              "expectedStatus": "passed",
              "projectId": "webkit",
              "projectName": "webkit",
              "results": [],
              "status": "skipped"
            }
          ],
          "id": "3ea9c7796897f99cfa88-584c6638a2664a33ddf1",
          "file": "phase-6a-creator-successor-activation.pw.ts",
          "line": 231,
          "column": 1
        },
        {
          "title": "window probes distinguish production lock contention from fixture busy state and isolate possession failures",
          "ok": true,
          "tags": [],
          "tests": [
            {
              "timeout": 60000,
              "annotations": [],
              "expectedStatus": "passed",
              "projectId": "webkit",
              "projectName": "webkit",
              "results": [],
              "status": "skipped"
            }
          ],
          "id": "3ea9c7796897f99cfa88-c43bcf0b033ea6efa628",
          "file": "phase-6a-creator-successor-activation.pw.ts",
          "line": 262,
          "column": 1
        },
        {
          "title": "window observes lock authority before durable store opening and possession probes use exact suffixed databases",
          "ok": true,
          "tags": [],
          "tests": [
            {
              "timeout": 60000,
              "annotations": [],
              "expectedStatus": "passed",
              "projectId": "webkit",
              "projectName": "webkit",
              "results": [],
              "status": "skipped"
            }
          ],
          "id": "3ea9c7796897f99cfa88-1c55ca2c3ccf0663d6f9",
          "file": "phase-6a-creator-successor-activation.pw.ts",
          "line": 347,
          "column": 1
        },
        {
          "title": "missing or hostile LockManager authority fails activation closed",
          "ok": true,
          "tags": [],
          "tests": [
            {
              "timeout": 60000,
              "annotations": [],
              "expectedStatus": "passed",
              "projectId": "webkit",
              "projectName": "webkit",
              "results": [],
              "status": "skipped"
            }
          ],
          "id": "3ea9c7796897f99cfa88-a3959371eb5149989f6b",
          "file": "phase-6a-creator-successor-activation.pw.ts",
          "line": 394,
          "column": 1
        },
        {
          "title": "two tabs elect one lifetime-held writer then a freshly reverified loser wins after release",
          "ok": true,
          "tags": [],
          "tests": [
            {
              "timeout": 60000,
              "annotations": [],
              "expectedStatus": "passed",
              "projectId": "webkit",
              "projectName": "webkit",
              "results": [],
              "status": "skipped"
            }
          ],
          "id": "3ea9c7796897f99cfa88-b69accf75d63da3effcd",
          "file": "phase-6a-creator-successor-activation.pw.ts",
          "line": 412,
          "column": 1
        }
      ]
    }
  ],
  "errors": [],
  "stats": {
    "startTime": "2026-09-06T11:40:35.519Z",
    "duration": 66.05899999999997,
    "expected": 0,
    "skipped": 24,
    "unexpected": 0,
    "flaky": 0
  }
}
