
 RUN  v3.1.1 /Users/aristotle/Documents/Projects/ts-drp-1

stdout | packages/storage-node/tests/phase-6a-creator-successor-local-author-death-red.test.ts > D.108d1b authenticated peer-local fresh-process issuance RED > fresh Node closes the D.108e4 authenticated oracle and per-reopen budget debt
D108E4L_TIMING {"arch":"arm64","availableParallelism":10,"members":[{"durationMs":38662.30425,"endOffsetMs":55144.413,"name":"equality","startOffsetMs":16482.108750000003,"steps":[{"durationMs":191.65820899999744,"endOffsetMs":16673.766959,"name":"context-seed","startOffsetMs":16482.108750000003},{"durationMs":38442.271375000004,"endOffsetMs":55116.038334000004,"name":"reopen-and-evidence","startOffsetMs":16673.766959},{"durationMs":28.37466599999607,"endOffsetMs":55144.413,"name":"close-context","startOffsetMs":55116.038334000004}],"counts":{"pageCount":8194,"returnedSequenceCount":8193}},{"durationMs":38635.521458,"endOffsetMs":55129.033042,"name":"reuse-0","startOffsetMs":16493.511584,"steps":[{"durationMs":182.2130410000027,"endOffsetMs":16675.724625000003,"name":"context-seed","startOffsetMs":16493.511584},{"durationMs":38432.963167,"endOffsetMs":55108.687792000004,"name":"reopen-and-evidence","startOffsetMs":16675.724625000003},{"durationMs":20.345249999998487,"endOffsetMs":55129.033042,"name":"close-context","startOffsetMs":55108.687792000004}],"counts":{"capturedIssuedCount":8190,"successorPageFaultCount":1}},{"durationMs":14313.975834000004,"endOffsetMs":69443.261584,"name":"reuse-1","startOffsetMs":55129.28575,"steps":[{"durationMs":50.42808399999922,"endOffsetMs":55179.713834,"name":"context-seed","startOffsetMs":55129.28575},{"durationMs":14255.899333000001,"endOffsetMs":69435.613167,"name":"reopen-and-evidence","startOffsetMs":55179.713834},{"durationMs":7.648417000003974,"endOffsetMs":69443.261584,"name":"close-context","startOffsetMs":69435.613167}],"counts":{"capturedIssuedCount":8190,"successorPageFaultCount":1}},{"durationMs":38648.828542,"endOffsetMs":55149.060834,"name":"over-budget","startOffsetMs":16500.232292,"steps":[{"durationMs":176.40899999999965,"endOffsetMs":16676.641292,"name":"context-seed","startOffsetMs":16500.232292},{"durationMs":38459.469042000004,"endOffsetMs":55136.110334000005,"name":"reopen-and-evidence","startOffsetMs":16676.641292},{"durationMs":12.95049999999901,"endOffsetMs":55149.060834,"name":"close-context","startOffsetMs":55136.110334000005}],"counts":{"pageCount":8195,"returnedSequenceCount":8195}},{"durationMs":38787.219,"endOffsetMs":55293.716,"name":"mismatch","startOffsetMs":16506.497000000003,"steps":[{"durationMs":171.27724999999919,"endOffsetMs":16677.774250000002,"name":"context-seed","startOffsetMs":16506.497000000003},{"durationMs":38600.52275,"endOffsetMs":55278.297,"name":"reopen-and-evidence","startOffsetMs":16677.774250000002},{"durationMs":15.419000000001688,"endOffsetMs":55293.716,"name":"close-context","startOffsetMs":55278.297}],"counts":{"pageCount":2,"returnedSequenceCount":2}}],"nodeVersion":"v22.15.0","outcome":"proof","phases":[{"counts":{"storeOpenCount":2},"durationMs":5.411709000000002,"endOffsetMs":5.411709000000002,"maxRssKiB":91456,"name":"preflight-and-store-open","resourceDelta":{"fsRead":0,"fsWrite":0,"involuntaryContextSwitches":9,"systemCPUTime":2236,"userCPUTime":2855},"startOffsetMs":0},{"counts":{"appendCount":1},"durationMs":2.6557499999999834,"endOffsetMs":8.067458999999985,"maxRssKiB":91632,"name":"current-row","resourceDelta":{"fsRead":0,"fsWrite":0,"involuntaryContextSwitches":13,"systemCPUTime":344,"userCPUTime":1744},"startOffsetMs":5.411709000000002},{"counts":{"genuineFutureCount":1},"durationMs":255.38408299999998,"endOffsetMs":263.45154199999996,"maxRssKiB":113952,"name":"genuine-future","resourceDelta":{"fsRead":0,"fsWrite":0,"involuntaryContextSwitches":1331,"systemCPUTime":29578,"userCPUTime":333997},"startOffsetMs":8.067458999999985},{"counts":{"appendCount":8191},"durationMs":2885.6888750000003,"endOffsetMs":3149.140417,"maxRssKiB":157456,"name":"authenticated-future-appends","resourceDelta":{"fsRead":0,"fsWrite":0,"involuntaryContextSwitches":10701,"systemCPUTime":511814,"userCPUTime":1971497},"startOffsetMs":263.45154199999996},{"counts":{"maximumPageLimit":128,"probeCount":1},"durationMs":143.73079199999984,"endOffsetMs":3292.871209,"maxRssKiB":204880,"name":"maximum-page-probe","resourceDelta":{"fsRead":0,"fsWrite":0,"involuntaryContextSwitches":1181,"systemCPUTime":20086,"userCPUTime":194741},"startOffsetMs":3149.140417},{"counts":{"facadeCount":2,"materializedRowCount":8193},"durationMs":13045.462125000002,"endOffsetMs":16338.333334,"maxRssKiB":389456,"name":"equality-materialization-and-facades","resourceDelta":{"fsRead":0,"fsWrite":0,"involuntaryContextSwitches":84377,"systemCPUTime":813428,"userCPUTime":13226160},"startOffsetMs":3292.871209},{"counts":{"appendCount":2,"authenticatedSuffixCount":2,"materializedRowCount":8195},"durationMs":141.00570799999878,"endOffsetMs":16479.339042,"maxRssKiB":390896,"name":"over-budget-preparation","resourceDelta":{"fsRead":0,"fsWrite":0,"involuntaryContextSwitches":1430,"systemCPUTime":14169,"userCPUTime":186010},"startOffsetMs":16338.333334},{"counts":{"appendCount":2,"materializedRowCount":2},"durationMs":2.5074580000000424,"endOffsetMs":16481.8465,"maxRssKiB":390896,"name":"mismatch-preparation","resourceDelta":{"fsRead":0,"fsWrite":0,"involuntaryContextSwitches":33,"systemCPUTime":825,"userCPUTime":2091},"startOffsetMs":16479.339042},{"counts":{"recoveryCount":5},"durationMs":52961.562334,"endOffsetMs":69443.408834,"maxRssKiB":396336,"name":"concurrent-recoveries","resourceDelta":{"fsRead":0,"fsWrite":0,"involuntaryContextSwitches":153709,"systemCPUTime":1066235,"userCPUTime":47679065},"startOffsetMs":16481.8465},{"counts":{"proofCount":1},"durationMs":2.99529099999927,"endOffsetMs":69446.404125,"maxRssKiB":396336,"name":"proof-assembly","resourceDelta":{"fsRead":0,"fsWrite":0,"involuntaryContextSwitches":9,"systemCPUTime":821,"userCPUTime":1800},"startOffsetMs":69443.408834}],"pid":25064,"platform":"darwin","schema":"d108e4l-v1","wallTimeMs":69446.404125,"memberCountErrors":[]}

 ❯ packages/storage-node/tests/phase-6a-creator-successor-local-author-death-red.test.ts (5 tests | 1 failed) 74693ms
   ✓ D.108d1b authenticated peer-local fresh-process issuance RED > pins the complete child inventory to the genuine built-package launcher 1ms
   ✓ D.108d1b authenticated peer-local fresh-process issuance RED > fresh Node binds established and fresh chat peers while every ambiguous or unauthenticated cold reopen fails before live effects  4200ms
   ✓ D.108d1b authenticated peer-local fresh-process issuance RED > fresh Node closes the D.108e4 authenticated oracle and per-reopen budget debt  70459ms
   ✓ D.108d1b authenticated peer-local fresh-process issuance RED > fresh Node predecessor recovery terminates with one issued-record read per distinct current or authenticated-future row 0ms
   × D.108d1b authenticated peer-local fresh-process issuance RED > fresh Node predecessor recovery enforces one cumulative authenticated future-row skip budget per recovery 9ms
     → expected { boundedStoreShape: false, …(3) } to deeply equal { boundedStoreShape: true, …(3) }
 ✓ tests/phase-6a-creator-adoption-red.test.ts (13 tests) 1103ms
   ✓ D.108b read-only creator-successor adoption RED > has one composite readiness gate for the genuine future verifier  468ms
 ✓ tests/phase-6b-runtime-reclamation-red.test.ts (13 tests) 3006ms
   ✓ D.109d receipt-gated installed-v3 runtime reclamation RED > uses genuine close, verify, commit and hot activation identities  426ms
   ✓ D.109d receipt-gated installed-v3 runtime reclamation RED > accepts hot and cold real receipts and latches every authority field  894ms
   ✓ D.109d receipt-gated installed-v3 runtime reclamation RED > D.109f preserves owner-observed Discord and MMORPG projections with zero deleted durable reads  469ms
 ✓ tests/phase-6b-d110c-0c1a-retirement-checkpoint-red.test.ts (3 tests) 1814ms
   ✓ D.110c-0c1a creator issuance-retirement checkpoint RED > requires one authenticated retirement carrier after a genuine dense creator close  311ms
   ✓ D.110c-0c1a creator issuance-retirement checkpoint RED > replaces the authenticated epoch-one carrier when the admitted boundary does not advance  1279ms
 ✓ tests/phase-6a-creator-successor-activation-red.test.ts (17 tests) 5522ms
   ✓ D.108d1 creator successor activation RED > private custody alone selects installEpochAnchor  1907ms
   ✓ D.108d1 creator successor activation RED > divergent genesis identity fails before every live effect  845ms
   ✓ D.108d1 creator successor activation RED > TTL expiry performs one bounded full reverify attempt  876ms
 ✓ tests/phase-6b-cleanup-eligibility-red.test.ts (11 tests) 385ms
   ✓ D.109a closed-epoch cleanup eligibility RED > accepts genuine Phase-6a close/adoption material without reopening verification  366ms
stdout | tests/phase-6a-creator-successor-product-red.test.ts > classifies complete legacy and settlement successor compositions before reading room authorities
{"kind":"F5B_ROOM_GUARD_OBSERVATIONS","observations":[{"profileId":"creator-trusted-v1","composition":"factory","detail":"v3 room successor authority composition is unsupported","reads":{"application":0,"signer":0,"store":0,"transport":0}},{"profileId":"creator-trusted-v1","composition":"rebase","detail":"v3 room successor authority composition is unsupported","reads":{"application":0,"signer":0,"store":0,"transport":0}},{"profileId":"creator-trusted-v1","composition":"signer","detail":"v3 room successor authority composition is unsupported","reads":{"application":0,"signer":0,"store":0,"transport":0}},{"profileId":"creator-trusted-v1","composition":"declaration-only","detail":"D.108e2b application authority was read","reads":{"application":1,"signer":0,"store":0,"transport":0}},{"profileId":"creator-trusted-settlement-v1","composition":"factory","detail":"v3 room successor authority composition is unsupported","reads":{"application":0,"signer":0,"store":0,"transport":0}},{"profileId":"creator-trusted-settlement-v1","composition":"rebase","detail":"v3 room successor authority composition is unsupported","reads":{"application":0,"signer":0,"store":0,"transport":0}},{"profileId":"creator-trusted-settlement-v1","composition":"signer","detail":"D.108e2b application authority was read","reads":{"application":1,"signer":0,"store":0,"transport":0}},{"profileId":"creator-trusted-settlement-v1","composition":"declaration-only","detail":"D.108e2b application authority was read","reads":{"application":1,"signer":0,"store":0,"transport":0}}]}

 ✓ tests/phase-6a-creator-successor-product-red.test.ts (13 tests) 641ms
 ✓ packages/storage-node/tests/phase-6b-differential-exit-red.test.ts (6 tests) 5594ms
   ✓ D.109f Node differential exit RED > executes 128 genuine compacted maintenance steps while the archival owner remains complete  2384ms
   ✓ D.109f Node differential exit RED > runs the genuine close, adopt, reclaim and next-live golden paths in a fresh process  2847ms
 ✓ tests/phase-6b-d110c-0a-browser-custody-red.test.ts (1 test) 313ms
 ✓ tests/phase-6a-creator-successor-local-author-red.test.ts (11 tests) 441ms
   ✓ D.108d1b authenticated peer-local cold issuance RED > admits Bob's genuine epoch-zero vertex before the multi-writer successor close  395ms
 ✓ tests/phase-6b-d110c-0c1f5b0b-node-red.test.ts (27 tests) 1444ms
 ✓ tests/phase-6b-d110c-0b0a-staged-handoff-red.test.ts (3 tests) 1344ms
   ✓ D.110c-0b0a staged adoption and pending recovery GREEN > stages without a head swap and publishes through one owner-bound CAS  499ms
   ✓ D.110c-0b0a staged adoption and pending recovery GREEN > recovers equivalent Complete retries deterministically across both AHE orderings  305ms
   ✓ D.110c-0b0a staged adoption and pending recovery GREEN > fails closed for absent, incomplete, wrong-head, malformed, and true-fork candidates  539ms
 ✓ tests/phase-6a-creator-successor-infrastructure-red.test.ts (10 tests) 526ms
 ✓ tests/phase-6a-creator-adoption-commit-red.test.ts (9 tests) 5730ms
   ✓ D.108c one-CAS creator adoption RED > consumes only a genuine owner-bound intent and commits one exact successor  359ms
   ✓ D.108c one-CAS creator adoption RED > reopens pending-old or exact active-new at every logical request fault  5140ms
 ✓ tests/protocol-v3-creator-author-issuance-frontiers.test.ts (4 tests) 668ms
   ✓ D.110c-0c1f2 creator author-issuance frontier carrier > round-trips the genuine creator-signed carrier and consumes preparation once  351ms
 ❯ tests/phase-6b-d110c-0b1-boundaries.test.ts (2 tests | 1 failed) 1288ms
   ✓ D.110c-0b1 bounded protocol and control boundaries > opens the genuine immediate predecessor and current checkpoint from pinned genesis 55ms
   × D.110c-0b1 bounded protocol and control boundaries > retires exactly the stale Cut QC and predecessor ACL from the genuine staged closure 7ms
     → expected { ok: false, …(1) } to deeply equal { kind: 'successor', ok: true }
 ✓ tests/phase-6a-creator-successor-handle-identity-red.test.ts (3 tests) 369ms
   ✓ D.108d1a successor handle registration identity RED > returned hot wrapper retains route, admission, targeted replay and deactivation identity  364ms
 ✓ packages/storage-node/tests/phase-6a-creator-adoption-commit-death-red.test.ts (2 tests) 3568ms
   ✓ D.108c real SQLite process-death RED > recovers pending-old XOR active-new after genuine SIGKILL at every edge  3560ms
 ✓ tests/phase-6b-d110c-0c1f5b0b-node-corrective-red.test.ts (13 tests) 1403ms
   ✓ D.110c-0c1f5b0b rejected-GREEN corrective RED > [control] preserves causalJoin ABI refusal on local generation and genuine signed ingress  304ms
 ✓ tests/phase-6b-d110c-0c1f5b0v-callback-contract.test.ts (2 tests) 965ms
   ✓ D.110c-0c1f5b0v replayable callback contract > pins the complete production consumer inventory to no-op and in-memory reconstruction callbacks  847ms
 ❯ tests/phase-6b-d110c-0b1-bounded-checkpoint-red.test.ts (3 tests | 2 failed) 1390ms
   ✓ D.110c-0b1 bounded checkpoint and control-proof GREEN > opens the genuine epoch-two checkpoint from pinned genesis and its immediate pair 1ms
   × D.110c-0b1 bounded checkpoint and control-proof GREEN > retires the stale proof pair and predecessor ACL under the bounded advance 4ms
     → expected { ok: false, …(1) } to deeply equal { kind: 'successor', ok: true }
   × D.110c-0b1 bounded checkpoint and control-proof GREEN > cold reopens the genuine active epoch-two room through the bounded checkpoint owner 2ms
     → expected { …(3) } to match object { handle: { epoch: 2 }, …(3) }
(2 matching properties omitted from actual)
 ✓ tests/phase-6b-differential-exit-red.test.ts (5 tests) 177ms
 ✓ packages/storage-node/tests/phase-6a-creator-successor-activation-death-red.test.ts (5 tests) 3590ms
   ✓ D.108d1 fresh-process successor activation RED > fresh Node imports the built non-root successor activation subpath  487ms
   ✓ D.108d1 fresh-process successor activation RED > cold reopen reconstructs active-new custody with no adoption CAS or displaced-row publication  1063ms
   ✓ D.108d1 fresh-process successor activation RED > kills declaration-loop telemetry even when it copies the direct-read labels  983ms
   ✓ D.108d1 fresh-process successor activation RED > two independent cold wrappers retain identity-keyed publication after awaited release  1052ms
 ✓ tests/phase-6b-d110c-a-repeat-close-red.test.ts (1 test) 2324ms
   ✓ D.110c-a authenticated repeat-close carrier RED > extends authenticated compact history through one genuine adopted epoch-one close  2324ms
 ✓ tests/phase-6b-d110c-0c1k-w0-writer-capacity-red.test.ts (4 tests) 179ms
D110C_B_HOT_ADOPTION_COMPLETE
 ✓ tests/phase-6b-d110c-b-hot-adoption.test.ts (1 test) 4816ms
   ✓ D.110c-b general hot adoption GREEN > advances the genuine epoch-one close to one exact epoch-two active owner  4815ms
 ✓ tests/phase-6c-retained-heap-red.test.ts (23 tests) 15ms
 ✓ tests/phase-6c-creator-replay-pagination-red.test.ts (2 tests) 2941ms
   ✓ D.110a-p creator durable-replay pagination RED > closes a genuine 129-row creator journal across the public page boundary  2936ms
 ✓ tests/phase-6b-d110c-0b0-floor-red.test.ts (1 test) 3058ms
   ✓ D.110c-0b0 authenticated room-head floor causal RED > refuses a genuine advanced cold reopen when no independent room-head authority is supplied  3057ms
 ✓ tests/phase-6b-d110c-0a-authority-red.test.ts (1 test) 328ms
 ✓ tests/phase-6b-d110c-0c1b-committed-issuance-red.test.ts (3 tests) 1091ms
   ✓ D.110c-0c1b committed-issuance recovery-required RED > refuses a pre-bound close after a durable issue is omitted from live admission  495ms
   ✓ D.110c-0c1b committed-issuance recovery-required RED > releases a pre-durable byte-capacity reservation and preserves genuine close  349ms
 ✓ tests/phase-6b-d110c-0c1f5-foreign-author-close-liveness-red.test.ts (1 test) 8226ms
   ✓ D.110c-0c1f5 foreign-author close liveness > keeps foreign frontier anomalies author-local while creator corruption stays fail closed  8225ms
 ✓ tests/phase-6b-d110c-0c1f2-multi-author-frontier.test.ts (1 test) 332ms
   ✓ D.110c-0c1f2 bounded multi-author issuance frontier > authenticates the exact creator-signed frontiers from a genuine two-writer close  331ms
 ✓ tests/phase-6b-d110c-0c1f2-multi-author-frontier-red.test.ts (1 test) 359ms
   ✓ D.110c-0c1f2 compact multi-author issuance-frontier RED > requires a bounded authenticated frontier for every admitted successor writer  358ms

 Test Files  3 failed | 31 passed (34)
      Tests  4 failed | 216 passed (220)
   Start at  06:08:31
   Duration  158.44s (transform 2.24s, setup 0ms, collect 11.30s, tests 139.64s, environment 4ms, prepare 2.30s)

JSON report written to /Users/aristotle/Documents/Projects/ts-drp-1/.logs/d110c-w0-current-profile-green-61ea93f6/control-observer-correction/retained/result.json
