
⎯⎯⎯⎯⎯⎯⎯ Failed Tests 2 ⎯⎯⎯⎯⎯⎯⎯

 FAIL  tests/phase-6a-creator-successor-product-red.test.ts > D.108e2b creator successor room lifetime RED > rejects only unsupported cold successor compositions before reading room authorities
AssertionError: expected [ { …(3) }, { …(3) }, { …(3) } ] to deeply equal [ { …(3) }, { …(3) }, { …(3) } ]

- Expected
+ Received

@@ -1,31 +1,31 @@
  [
    {
-     "detail": "v3 room successor authority composition is unsupported",
+     "detail": "D.108e2b application authority was read",
      "key": "createOperationAdmissionPolicy",
      "reads": {
-       "application": 0,
+       "application": 1,
        "signer": 0,
        "store": 0,
        "transport": 0,
      },
    },
    {
-     "detail": "v3 room successor authority composition is unsupported",
+     "detail": "D.108e2b application authority was read",
      "key": "creatorFinalitySigner",
      "reads": {
-       "application": 0,
+       "application": 1,
        "signer": 0,
        "store": 0,
        "transport": 0,
      },
    },
    {
-     "detail": "v3 room successor authority composition is unsupported",
+     "detail": "D.108e2b application authority was read",
      "key": "rebaseSourceInvite",
      "reads": {
-       "application": 0,
+       "application": 1,
        "signer": 0,
        "store": 0,
        "transport": 0,
      },
    },

 ❯ tests/phase-6a-creator-successor-product-red.test.ts:219:23
    217|    unsupported.push(Object.freeze({ ...(await exercise({ [key]: value …
    218|   }
    219|   expect(unsupported).toEqual(
       |                       ^
    220|    ["createOperationAdmissionPolicy", "creatorFinalitySigner", "rebase…
    221|     detail: "v3 room successor authority composition is unsupported",

⎯⎯⎯⎯⎯⎯⎯⎯⎯⎯⎯⎯⎯⎯⎯⎯⎯⎯⎯⎯⎯⎯⎯⎯[1/2]⎯

 FAIL  tests/phase-6a-creator-successor-product-red.test.ts > classifies complete legacy and settlement successor compositions before reading room authorities
AssertionError: F5B_ROOM_GUARD_PROFILE_AUTHORITY_READ_ORDER: expected [ { …(4) }, { …(4) }, { …(4) }, …(5) ] to deeply equal [ { …(4) }, { …(4) }, { …(4) }, …(5) ]

- Expected
+ Received

@@ -1,34 +1,34 @@
  [
    {
      "composition": "factory",
-     "detail": "v3 room successor authority composition is unsupported",
+     "detail": "D.108e2b application authority was read",
      "profileId": "creator-trusted-v1",
      "reads": {
-       "application": 0,
+       "application": 1,
        "signer": 0,
        "store": 0,
        "transport": 0,
      },
    },
    {
      "composition": "rebase",
-     "detail": "v3 room successor authority composition is unsupported",
+     "detail": "D.108e2b application authority was read",
      "profileId": "creator-trusted-v1",
      "reads": {
-       "application": 0,
+       "application": 1,
        "signer": 0,
        "store": 0,
        "transport": 0,
      },
    },
    {
      "composition": "signer",
-     "detail": "v3 room successor authority composition is unsupported",
+     "detail": "D.108e2b application authority was read",
      "profileId": "creator-trusted-v1",
      "reads": {
-       "application": 0,
+       "application": 1,
        "signer": 0,
        "store": 0,
        "transport": 0,
      },
    },
@@ -43,25 +43,25 @@
        "transport": 0,
      },
    },
    {
      "composition": "factory",
-     "detail": "v3 room successor authority composition is unsupported",
+     "detail": "D.108e2b application authority was read",
      "profileId": "creator-trusted-settlement-v1",
      "reads": {
-       "application": 0,
+       "application": 1,
        "signer": 0,
        "store": 0,
        "transport": 0,
      },
    },
    {
      "composition": "rebase",
-     "detail": "v3 room successor authority composition is unsupported",
+     "detail": "D.108e2b application authority was read",
      "profileId": "creator-trusted-settlement-v1",
      "reads": {
-       "application": 0,
+       "application": 1,
        "signer": 0,
        "store": 0,
        "transport": 0,
      },
    },

 ❯ tests/phase-6a-creator-successor-product-red.test.ts:500:70
    498|  }
    499|  console.log(JSON.stringify({ kind: "F5B_ROOM_GUARD_OBSERVATIONS", obs…
    500|  expect(observations, "F5B_ROOM_GUARD_PROFILE_AUTHORITY_READ_ORDER").t…
       |                                                                      ^
    501| });
    502| 

⎯⎯⎯⎯⎯⎯⎯⎯⎯⎯⎯⎯⎯⎯⎯⎯⎯⎯⎯⎯⎯⎯⎯⎯[2/2]⎯

