
 RUN  v3.1.1 /Users/aristotle/Documents/Projects/ts-drp-1

 ✓ tests/phase-6a-creator-adoption-red.test.ts (13 tests) 1535ms
   ✓ D.108b read-only creator-successor adoption RED > has one composite readiness gate for the genuine future verifier  546ms
 ✓ tests/phase-6a-creator-successor-activation-red.test.ts (17 tests) 6642ms
   ✓ D.108d1 creator successor activation RED > derives the exact epoch-one identity and pending epoch-zero lineage independently  300ms
   ✓ D.108d1 creator successor activation RED > private custody alone selects installEpochAnchor  2366ms
   ✓ D.108d1 creator successor activation RED > divergent genesis identity fails before every live effect  1054ms
   ✓ D.108d1 creator successor activation RED > post-adoption activation failure cleans up and fresh reverify performs no second swapHead  303ms
   ✓ D.108d1 creator successor activation RED > TTL expiry performs one bounded full reverify attempt  998ms
 ✓ tests/phase-6b-cleanup-eligibility-red.test.ts (11 tests) 477ms
   ✓ D.109a closed-epoch cleanup eligibility RED > accepts genuine Phase-6a close/adoption material without reopening verification  455ms
stdout | tests/phase-6a-creator-successor-product-red.test.ts > classifies complete legacy and settlement successor compositions before reading room authorities
{"kind":"F5B_ROOM_GUARD_OBSERVATIONS","observations":[{"profileId":"creator-trusted-v1","composition":"factory","detail":"v3 room successor authority composition is unsupported","reads":{"application":0,"signer":0,"store":0,"transport":0}},{"profileId":"creator-trusted-v1","composition":"rebase","detail":"v3 room successor authority composition is unsupported","reads":{"application":0,"signer":0,"store":0,"transport":0}},{"profileId":"creator-trusted-v1","composition":"signer","detail":"v3 room successor authority composition is unsupported","reads":{"application":0,"signer":0,"store":0,"transport":0}},{"profileId":"creator-trusted-v1","composition":"declaration-only","detail":"D.108e2b application authority was read","reads":{"application":1,"signer":0,"store":0,"transport":0}},{"profileId":"creator-trusted-settlement-v1","composition":"factory","detail":"v3 room successor authority composition is unsupported","reads":{"application":0,"signer":0,"store":0,"transport":0}},{"profileId":"creator-trusted-settlement-v1","composition":"rebase","detail":"v3 room successor authority composition is unsupported","reads":{"application":0,"signer":0,"store":0,"transport":0}},{"profileId":"creator-trusted-settlement-v1","composition":"signer","detail":"D.108e2b application authority was read","reads":{"application":1,"signer":0,"store":0,"transport":0}},{"profileId":"creator-trusted-settlement-v1","composition":"declaration-only","detail":"D.108e2b application authority was read","reads":{"application":1,"signer":0,"store":0,"transport":0}}]}

 ✓ tests/phase-6a-creator-successor-product-red.test.ts (13 tests) 745ms
   ✓ D.108e5 bounded redirected lifetime RED > bounds every migration invite encode before copying caller-controlled bodies  332ms
 ✓ tests/phase-6b-d110c-0a-browser-custody-red.test.ts (1 test) 341ms
 ✓ tests/phase-6b-d110c-0b0a-staged-handoff-red.test.ts (3 tests) 1504ms
   ✓ D.110c-0b0a staged adoption and pending recovery GREEN > stages without a head swap and publishes through one owner-bound CAS  517ms
   ✓ D.110c-0b0a staged adoption and pending recovery GREEN > recovers equivalent Complete retries deterministically across both AHE orderings  379ms
   ✓ D.110c-0b0a staged adoption and pending recovery GREEN > fails closed for absent, incomplete, wrong-head, malformed, and true-fork candidates  606ms
 ✓ tests/phase-6a-creator-adoption-commit-red.test.ts (9 tests) 6214ms
   ✓ D.108c one-CAS creator adoption RED > consumes only a genuine owner-bound intent and commits one exact successor  422ms
   ✓ D.108c one-CAS creator adoption RED > reopens pending-old or exact active-new at every logical request fault  5528ms
 ✓ tests/protocol-v3-creator-author-issuance-frontiers.test.ts (4 tests) 707ms
   ✓ D.110c-0c1f2 creator author-issuance frontier carrier > round-trips the genuine creator-signed carrier and consumes preparation once  374ms
 ✓ tests/phase-6a-creator-successor-handle-identity-red.test.ts (3 tests) 424ms
   ✓ D.108d1a successor handle registration identity RED > returned hot wrapper retains route, admission, targeted replay and deactivation identity  419ms
 ✓ tests/phase-6c-creator-replay-pagination-red.test.ts (2 tests) 2064ms
   ✓ D.110a-p creator durable-replay pagination RED > closes a genuine 129-row creator journal across the public page boundary  2061ms
 ✓ tests/phase-6b-d110c-0b0-floor-red.test.ts (1 test) 3280ms
   ✓ D.110c-0b0 authenticated room-head floor causal RED > refuses a genuine advanced cold reopen when no independent room-head authority is supplied  3279ms
 ✓ tests/phase-6b-d110c-0a-authority-red.test.ts (1 test) 362ms

 Test Files  12 passed (12)
      Tests  78 passed (78)
   Start at  23:55:07
   Duration  31.63s (transform 2.73s, setup 0ms, collect 5.00s, tests 24.30s, environment 2ms, prepare 631ms)

JSON report written to /Users/aristotle/Documents/Projects/ts-drp-1/.logs/d110c-0c1f5b-green-adoption-static-393eda67/main-78/focused.json
