
> @ts-drp/storage-browser@0.11.0 typecheck /Users/aristotle/Documents/Projects/ts-drp-1/packages/storage-browser
> tsc --noEmit

tests/assets/phase-6b-ahe-reclamation-entry.ts(16,8): error TS2307: Cannot find module '#phase-6b-ahe-reclamation-maintenance' or its corresponding type declarations.
tests/assets/phase-6b-ahe-reclamation-entry.ts(106,25): error TS2322: Type 'string' is not assignable to type 'StorageObjectId'.
  Type 'string' is not assignable to type '{ readonly [storageObjectIdBrand]: true; }'.
tests/assets/phase-6b-ahe-reclamation-entry.ts(195,59): error TS2345: Argument of type 'string' is not assignable to parameter of type 'StorageObjectId'.
  Type 'string' is not assignable to type '{ readonly [storageObjectIdBrand]: true; }'.
tests/assets/phase-6b-ahe-reclamation-entry.ts(203,67): error TS2322: Type 'string' is not assignable to type 'GenerationId'.
  Type 'string' is not assignable to type '{ readonly [generationIdBrand]: true; }'.
tests/assets/phase-6b-ahe-reclamation-entry.ts(203,81): error TS2322: Type 'string' is not assignable to type 'StorageObjectId'.
  Type 'string' is not assignable to type '{ readonly [storageObjectIdBrand]: true; }'.
tests/assets/phase-6b-ahe-reclamation-entry.ts(206,57): error TS2322: Type 'string' is not assignable to type 'GenerationId'.
  Type 'string' is not assignable to type '{ readonly [generationIdBrand]: true; }'.
tests/assets/phase-6b-ahe-reclamation-entry.ts(206,71): error TS2322: Type 'string' is not assignable to type 'StorageObjectId'.
  Type 'string' is not assignable to type '{ readonly [storageObjectIdBrand]: true; }'.
tests/assets/phase-6b-ahe-reclamation-entry.ts(207,53): error TS2322: Type 'string' is not assignable to type 'GenerationId'.
  Type 'string' is not assignable to type '{ readonly [generationIdBrand]: true; }'.
tests/assets/phase-6b-ahe-reclamation-entry.ts(207,67): error TS2322: Type 'string' is not assignable to type 'StorageObjectId'.
  Type 'string' is not assignable to type '{ readonly [storageObjectIdBrand]: true; }'.
tests/assets/phase-6b-ahe-reclamation-entry.ts(208,47): error TS2322: Type 'string' is not assignable to type 'GenerationId'.
  Type 'string' is not assignable to type '{ readonly [generationIdBrand]: true; }'.
tests/assets/phase-6b-ahe-reclamation-entry.ts(208,61): error TS2322: Type 'string' is not assignable to type 'StorageObjectId'.
  Type 'string' is not assignable to type '{ readonly [storageObjectIdBrand]: true; }'.
tests/assets/phase-6b-ahe-reclamation-entry.ts(209,64): error TS2322: Type 'string' is not assignable to type 'GenerationId'.
  Type 'string' is not assignable to type '{ readonly [generationIdBrand]: true; }'.
tests/assets/phase-6b-ahe-reclamation-entry.ts(209,78): error TS2322: Type 'string' is not assignable to type 'StorageObjectId'.
  Type 'string' is not assignable to type '{ readonly [storageObjectIdBrand]: true; }'.
tests/assets/phase-6b-ahe-reclamation-entry.ts(211,73): error TS2322: Type 'string' is not assignable to type 'StorageObjectId'.
  Type 'string' is not assignable to type '{ readonly [storageObjectIdBrand]: true; }'.
tests/assets/phase-6b-ahe-reclamation-entry.ts(264,51): error TS2345: Argument of type 'string' is not assignable to parameter of type 'StorageObjectId'.
  Type 'string' is not assignable to type '{ readonly [storageObjectIdBrand]: true; }'.
tests/assets/phase-6b-ahe-reclamation-entry.ts(272,5): error TS2322: Type 'string' is not assignable to type 'GenerationId'.
  Type 'string' is not assignable to type '{ readonly [generationIdBrand]: true; }'.
tests/assets/phase-6b-ahe-reclamation-entry.ts(273,5): error TS2322: Type 'string' is not assignable to type 'StorageObjectId'.
  Type 'string' is not assignable to type '{ readonly [storageObjectIdBrand]: true; }'.
tests/assets/phase-6b-ahe-reclamation-entry.ts(278,50): error TS2322: Type 'string' is not assignable to type 'GenerationId'.
  Type 'string' is not assignable to type '{ readonly [generationIdBrand]: true; }'.
tests/assets/phase-6b-ahe-reclamation-entry.ts(278,77): error TS2322: Type 'string' is not assignable to type 'StorageObjectId'.
  Type 'string' is not assignable to type '{ readonly [storageObjectIdBrand]: true; }'.
tests/assets/phase-6b-ahe-reclamation-entry.ts(282,46): error TS2322: Type 'string' is not assignable to type 'GenerationId'.
  Type 'string' is not assignable to type '{ readonly [generationIdBrand]: true; }'.
tests/assets/phase-6b-ahe-reclamation-entry.ts(282,73): error TS2322: Type 'string' is not assignable to type 'StorageObjectId'.
  Type 'string' is not assignable to type '{ readonly [storageObjectIdBrand]: true; }'.
tests/assets/phase-6b-ahe-reclamation-entry.ts(286,40): error TS2322: Type 'string' is not assignable to type 'GenerationId'.
  Type 'string' is not assignable to type '{ readonly [generationIdBrand]: true; }'.
tests/assets/phase-6b-ahe-reclamation-entry.ts(286,67): error TS2322: Type 'string' is not assignable to type 'StorageObjectId'.
  Type 'string' is not assignable to type '{ readonly [storageObjectIdBrand]: true; }'.
tests/assets/phase-6b-ahe-reclamation-entry.ts(290,50): error TS2322: Type 'string' is not assignable to type 'GenerationId'.
  Type 'string' is not assignable to type '{ readonly [generationIdBrand]: true; }'.
tests/assets/phase-6b-ahe-reclamation-entry.ts(290,77): error TS2322: Type 'string' is not assignable to type 'StorageObjectId'.
  Type 'string' is not assignable to type '{ readonly [storageObjectIdBrand]: true; }'.
tests/assets/phase-6b-ahe-reclamation-entry.ts(340,35): error TS7031: Binding element 'deletedGenerationIds' implicitly has an 'any' type.
tests/assets/phase-6b-ahe-reclamation-entry.ts(462,47): error TS2345: Argument of type 'string' is not assignable to parameter of type 'StorageObjectId'.
  Type 'string' is not assignable to type '{ readonly [storageObjectIdBrand]: true; }'.
tests/assets/phase-6b-ahe-reclamation-entry.ts(470,4): error TS2322: Type 'string' is not assignable to type 'GenerationId'.
  Type 'string' is not assignable to type '{ readonly [generationIdBrand]: true; }'.
tests/assets/phase-6b-ahe-reclamation-entry.ts(471,4): error TS2322: Type 'string' is not assignable to type 'StorageObjectId'.
  Type 'string' is not assignable to type '{ readonly [storageObjectIdBrand]: true; }'.
tests/assets/phase-6b-ahe-reclamation-entry.ts(475,56): error TS2322: Type 'string' is not assignable to type 'GenerationId'.
  Type 'string' is not assignable to type '{ readonly [generationIdBrand]: true; }'.
tests/assets/phase-6b-ahe-reclamation-entry.ts(475,74): error TS2322: Type 'string' is not assignable to type 'StorageObjectId'.
  Type 'string' is not assignable to type '{ readonly [storageObjectIdBrand]: true; }'.
tests/assets/phase-6b-ahe-reclamation-entry.ts(476,52): error TS2322: Type 'string' is not assignable to type 'GenerationId'.
  Type 'string' is not assignable to type '{ readonly [generationIdBrand]: true; }'.
tests/assets/phase-6b-ahe-reclamation-entry.ts(476,70): error TS2322: Type 'string' is not assignable to type 'StorageObjectId'.
  Type 'string' is not assignable to type '{ readonly [storageObjectIdBrand]: true; }'.
tests/assets/phase-6b-ahe-reclamation-entry.ts(477,46): error TS2322: Type 'string' is not assignable to type 'GenerationId'.
  Type 'string' is not assignable to type '{ readonly [generationIdBrand]: true; }'.
tests/assets/phase-6b-ahe-reclamation-entry.ts(477,64): error TS2322: Type 'string' is not assignable to type 'StorageObjectId'.
  Type 'string' is not assignable to type '{ readonly [storageObjectIdBrand]: true; }'.
tests/assets/phase-6b-ahe-reclamation-entry.ts(479,46): error TS2322: Type 'string' is not assignable to type 'GenerationId'.
  Type 'string' is not assignable to type '{ readonly [generationIdBrand]: true; }'.
tests/assets/phase-6b-ahe-reclamation-entry.ts(479,64): error TS2322: Type 'string' is not assignable to type 'StorageObjectId'.
  Type 'string' is not assignable to type '{ readonly [storageObjectIdBrand]: true; }'.
tests/assets/phase-6b-ahe-reclamation-entry.ts(498,52): error TS2345: Argument of type 'string' is not assignable to parameter of type 'StorageObjectId'.
  Type 'string' is not assignable to type '{ readonly [storageObjectIdBrand]: true; }'.
tests/assets/phase-6b-ahe-reclamation-entry.ts(694,6): error TS2322: Type 'string' is not assignable to type 'StorageObjectId'.
  Type 'string' is not assignable to type '{ readonly [storageObjectIdBrand]: true; }'.
tests/assets/phase-6b-ahe-reclamation-entry.ts(695,6): error TS2322: Type 'number' is not assignable to type 'HeadRevision'.
  Type 'number' is not assignable to type '{ readonly [headRevisionBrand]: true; }'.
tests/assets/phase-6b-ahe-reclamation-entry.ts(707,5): error TS2322: Type 'string' is not assignable to type 'GenerationId'.
  Type 'string' is not assignable to type '{ readonly [generationIdBrand]: true; }'.
tests/assets/phase-6b-ahe-reclamation-entry.ts(824,42): error TS2345: Argument of type 'string' is not assignable to parameter of type 'StorageObjectId'.
  Type 'string' is not assignable to type '{ readonly [storageObjectIdBrand]: true; }'.
tests/assets/phase-6b-ahe-reclamation-entry.ts(847,47): error TS2345: Argument of type 'string' is not assignable to parameter of type 'StorageObjectId'.
  Type 'string' is not assignable to type '{ readonly [storageObjectIdBrand]: true; }'.
tests/assets/phase-6b-ahe-reclamation-entry.ts(852,4): error TS2322: Type 'string' is not assignable to type 'GenerationId'.
  Type 'string' is not assignable to type '{ readonly [generationIdBrand]: true; }'.
tests/assets/phase-6b-ahe-reclamation-entry.ts(853,4): error TS2322: Type 'string' is not assignable to type 'StorageObjectId'.
  Type 'string' is not assignable to type '{ readonly [storageObjectIdBrand]: true; }'.
tests/assets/phase-6b-ahe-reclamation-entry.ts(858,53): error TS2322: Type 'string' is not assignable to type 'GenerationId'.
  Type 'string' is not assignable to type '{ readonly [generationIdBrand]: true; }'.
tests/assets/phase-6b-ahe-reclamation-entry.ts(858,71): error TS2322: Type 'string' is not assignable to type 'StorageObjectId'.
  Type 'string' is not assignable to type '{ readonly [storageObjectIdBrand]: true; }'.
tests/assets/phase-6b-ahe-reclamation-entry.ts(861,47): error TS2322: Type 'string' is not assignable to type 'GenerationId'.
  Type 'string' is not assignable to type '{ readonly [generationIdBrand]: true; }'.
tests/assets/phase-6b-ahe-reclamation-entry.ts(861,65): error TS2322: Type 'string' is not assignable to type 'StorageObjectId'.
  Type 'string' is not assignable to type '{ readonly [storageObjectIdBrand]: true; }'.
tests/assets/phase-6b-ahe-reclamation-entry.ts(863,46): error TS2322: Type 'string' is not assignable to type 'GenerationId'.
  Type 'string' is not assignable to type '{ readonly [generationIdBrand]: true; }'.
tests/assets/phase-6b-ahe-reclamation-entry.ts(863,64): error TS2322: Type 'string' is not assignable to type 'StorageObjectId'.
  Type 'string' is not assignable to type '{ readonly [storageObjectIdBrand]: true; }'.
tests/assets/phase-6b-ahe-reclamation-worker.ts(7,8): error TS2307: Cannot find module '#phase-6b-ahe-reclamation-maintenance' or its corresponding type declarations.
tests/assets/phase-6b-ahe-reclamation-worker.ts(31,59): error TS2345: Argument of type 'string' is not assignable to parameter of type 'StorageObjectId'.
  Type 'string' is not assignable to type '{ readonly [storageObjectIdBrand]: true; }'.
tests/assets/phase-6b-ahe-reclamation-worker.ts(39,67): error TS2322: Type 'string' is not assignable to type 'GenerationId'.
  Type 'string' is not assignable to type '{ readonly [generationIdBrand]: true; }'.
tests/assets/phase-6b-ahe-reclamation-worker.ts(39,81): error TS2322: Type 'string' is not assignable to type 'StorageObjectId'.
  Type 'string' is not assignable to type '{ readonly [storageObjectIdBrand]: true; }'.
tests/assets/phase-6b-ahe-reclamation-worker.ts(42,57): error TS2322: Type 'string' is not assignable to type 'GenerationId'.
  Type 'string' is not assignable to type '{ readonly [generationIdBrand]: true; }'.
tests/assets/phase-6b-ahe-reclamation-worker.ts(42,71): error TS2322: Type 'string' is not assignable to type 'StorageObjectId'.
  Type 'string' is not assignable to type '{ readonly [storageObjectIdBrand]: true; }'.
tests/assets/phase-6b-ahe-reclamation-worker.ts(43,53): error TS2322: Type 'string' is not assignable to type 'GenerationId'.
  Type 'string' is not assignable to type '{ readonly [generationIdBrand]: true; }'.
tests/assets/phase-6b-ahe-reclamation-worker.ts(43,67): error TS2322: Type 'string' is not assignable to type 'StorageObjectId'.
  Type 'string' is not assignable to type '{ readonly [storageObjectIdBrand]: true; }'.
tests/assets/phase-6b-ahe-reclamation-worker.ts(44,47): error TS2322: Type 'string' is not assignable to type 'GenerationId'.
  Type 'string' is not assignable to type '{ readonly [generationIdBrand]: true; }'.
tests/assets/phase-6b-ahe-reclamation-worker.ts(44,61): error TS2322: Type 'string' is not assignable to type 'StorageObjectId'.
  Type 'string' is not assignable to type '{ readonly [storageObjectIdBrand]: true; }'.
tests/assets/phase-6b-ahe-reclamation-worker.ts(45,64): error TS2322: Type 'string' is not assignable to type 'GenerationId'.
  Type 'string' is not assignable to type '{ readonly [generationIdBrand]: true; }'.
tests/assets/phase-6b-ahe-reclamation-worker.ts(45,78): error TS2322: Type 'string' is not assignable to type 'StorageObjectId'.
  Type 'string' is not assignable to type '{ readonly [storageObjectIdBrand]: true; }'.
tests/assets/phase-6b-ahe-reclamation-worker.ts(47,73): error TS2322: Type 'string' is not assignable to type 'StorageObjectId'.
  Type 'string' is not assignable to type '{ readonly [storageObjectIdBrand]: true; }'.
tests/assets/phase-6b-differential-exit-entry.ts(66,59): error TS2345: Argument of type 'string' is not assignable to parameter of type 'StorageObjectId'.
  Type 'string' is not assignable to type '{ readonly [storageObjectIdBrand]: true; }'.
tests/assets/phase-6b-differential-exit-entry.ts(73,85): error TS2322: Type 'string' is not assignable to type 'StorageObjectId'.
  Type 'string' is not assignable to type '{ readonly [storageObjectIdBrand]: true; }'.
tests/assets/phase-6b-differential-exit-entry.ts(76,75): error TS2322: Type 'string' is not assignable to type 'StorageObjectId'.
  Type 'string' is not assignable to type '{ readonly [storageObjectIdBrand]: true; }'.
tests/assets/phase-6b-differential-exit-entry.ts(77,71): error TS2322: Type 'string' is not assignable to type 'StorageObjectId'.
  Type 'string' is not assignable to type '{ readonly [storageObjectIdBrand]: true; }'.
tests/assets/phase-6b-differential-exit-entry.ts(78,65): error TS2322: Type 'string' is not assignable to type 'StorageObjectId'.
  Type 'string' is not assignable to type '{ readonly [storageObjectIdBrand]: true; }'.
tests/assets/phase-6b-differential-exit-entry.ts(79,82): error TS2322: Type 'string' is not assignable to type 'StorageObjectId'.
  Type 'string' is not assignable to type '{ readonly [storageObjectIdBrand]: true; }'.
tests/assets/phase-6b-differential-exit-entry.ts(82,74): error TS2322: Type 'string' is not assignable to type 'StorageObjectId'.
  Type 'string' is not assignable to type '{ readonly [storageObjectIdBrand]: true; }'.
tests/assets/phase-6b-differential-exit-entry.ts(149,51): error TS2345: Argument of type 'string' is not assignable to parameter of type 'StorageObjectId'.
  Type 'string' is not assignable to type '{ readonly [storageObjectIdBrand]: true; }'.
tests/assets/phase-6b-differential-exit-entry.ts(151,52): error TS2322: Type 'string' is not assignable to type 'StorageObjectId'.
  Type 'string' is not assignable to type '{ readonly [storageObjectIdBrand]: true; }'.
tests/assets/phase-6b-issuance-retention-entry.ts(9,8): error TS2307: Cannot find module '#phase-6b-issuance-maintenance' or its corresponding type declarations.
/Users/aristotle/Documents/Projects/ts-drp-1/packages/storage-browser:
 ERR_PNPM_RECURSIVE_RUN_FIRST_FAIL  @ts-drp/storage-browser@0.11.0 typecheck: `tsc --noEmit`
Exit status 1
