Scope: all 48 workspace projects
Lockfile is up to date, resolution step is skipped
Progress: resolved 1, reused 0, downloaded 0, added 0
Packages: +1526
++++++++++++++++++++++++++++++++++++++++++++++++++++++++++++++++++++++++++++++++
Progress: resolved 1526, reused 825, downloaded 0, added 0
Progress: resolved 1526, reused 1525, downloaded 0, added 144
Progress: resolved 1526, reused 1525, downloaded 0, added 433
Progress: resolved 1526, reused 1525, downloaded 0, added 904
Progress: resolved 1526, reused 1525, downloaded 0, added 1066
Progress: resolved 1526, reused 1525, downloaded 0, added 1306
Progress: resolved 1526, reused 1525, downloaded 0, added 1513
Progress: resolved 1526, reused 1525, downloaded 0, added 1525
Progress: resolved 1526, reused 1525, downloaded 0, added 1526, done

dependencies:
+ @esbuild-plugins/node-globals-polyfill 0.2.3
+ @esbuild-plugins/node-modules-polyfill 0.2.2
+ @types/node 22.14.0
+ esbuild 0.25.3
+ pascalcase 2.0.0
+ tsx 4.19.1
+ typescript 5.8.2

devDependencies:
+ @eslint/js 9.23.0
+ @informalsystems/quint 0.32.0
+ @noble/curves 2.2.0
+ @playwright/test 1.62.1
+ @release-it-plugins/workspaces 5.0.3
+ @typescript-eslint/parser 8.29.0
+ @vitest/coverage-v8 3.1.1
+ assemblyscript 0.27.35
+ eslint 9.23.0
+ eslint-config-prettier 10.1.1
+ eslint-import-resolver-typescript 4.3.1
+ eslint-plugin-import 2.31.0
+ eslint-plugin-jsdoc 51.2.1
+ eslint-plugin-prettier 5.2.6
+ eslint-plugin-unused-imports 4.1.4
+ eslint-plugin-vitest 0.5.4
+ fake-indexeddb 6.2.5
+ fast-check 4.9.0
+ globals 16.0.0
+ prettier 3.5.3
+ release-it 17.11.0
+ ts-node 10.9.2
+ ts-proto 2.7.0
+ typedoc 0.26.11
+ typescript-eslint 8.29.0
+ vite 6.3.4
+ vite-tsconfig-paths 5.1.4
+ vitest 3.1.1
+ yaml 2.8.0

Done in 9.3s using pnpm v10.24.0
