
⎯⎯⎯⎯⎯⎯ Failed Tests 19 ⎯⎯⎯⎯⎯⎯⎯

 FAIL  tests/phase-3g-v3-room-rebase-red.test.ts > Phase 3g room-owned rebase scheduling RED > separates plane-local stores, authenticates both anchors and bootstraps the empty target once
TypeError: truncated canonical value
 ❯ assertSupportedGenesisLineagePolicy examples/v3-room/src/index.ts:635:21
    633| 
    634| function assertSupportedGenesisLineagePolicy(exactCanonicalParametersC…
    635|  const parameters = decodeCanonical(exactCanonicalParametersCarrierByt…
       |                     ^
    636|  if (parameters === null || typeof parameters !== "object" || Array.is…
    637|  if (!Object.hasOwn(parameters, "lineagePolicy")) return;
 ❯ decodeCreatorInvite examples/v3-room/src/index.ts:700:2
 ❯ createV3RoomSessionOwned examples/v3-room/src/index.ts:1577:19
 ❯ createV3RoomSession examples/v3-room/src/index.ts:1517:9
 ❯ tests/phase-3g-v3-room-rebase-red.test.ts:444:23

⎯⎯⎯⎯⎯⎯⎯⎯⎯⎯⎯⎯⎯⎯⎯⎯⎯⎯⎯⎯⎯⎯⎯⎯⎯⎯⎯⎯⎯⎯
Serialized Error: { code: 'CANONICAL_DECODING' }
⎯⎯⎯⎯⎯⎯⎯⎯⎯⎯⎯⎯⎯⎯⎯⎯⎯⎯⎯⎯⎯⎯⎯[1/19]⎯

 FAIL  tests/phase-3g-v3-room-rebase-red.test.ts > Phase 3g room-owned rebase scheduling RED > recovers a committed target bootstrap after a pre-journal crash without issuing a duplicate
TypeError: truncated canonical value
 ❯ assertSupportedGenesisLineagePolicy examples/v3-room/src/index.ts:635:21
    633| 
    634| function assertSupportedGenesisLineagePolicy(exactCanonicalParametersC…
    635|  const parameters = decodeCanonical(exactCanonicalParametersCarrierByt…
       |                     ^
    636|  if (parameters === null || typeof parameters !== "object" || Array.is…
    637|  if (!Object.hasOwn(parameters, "lineagePolicy")) return;
 ❯ decodeCreatorInvite examples/v3-room/src/index.ts:700:2
 ❯ createV3RoomSessionOwned examples/v3-room/src/index.ts:1577:19
 ❯ createV3RoomSession examples/v3-room/src/index.ts:1517:9
 ❯ tests/phase-3g-v3-room-rebase-red.test.ts:481:27

⎯⎯⎯⎯⎯⎯⎯⎯⎯⎯⎯⎯⎯⎯⎯⎯⎯⎯⎯⎯⎯⎯⎯⎯⎯⎯⎯⎯⎯⎯
Serialized Error: { code: 'CANONICAL_DECODING' }
⎯⎯⎯⎯⎯⎯⎯⎯⎯⎯⎯⎯⎯⎯⎯⎯⎯⎯⎯⎯⎯⎯⎯[2/19]⎯

 FAIL  tests/phase-3g-v3-room-rebase-red.test.ts > Phase 3g room-owned rebase scheduling RED > does not bootstrap an inconsistent issuance lineage after recovery installs journal genesis
AssertionError: expected [Function] to throw error including 'issuance-rejected' but got 'truncated canonical value'

Expected: "issuance-rejected"
Received: "truncated canonical value"

 ❯ tests/phase-3g-v3-room-rebase-red.test.ts:499:3
    497|    input: unknown
    498|   ) => Promise<{ close(): Promise<void> }>;
    499|   await expect(create(roomInput())).rejects.toThrow("issuance-rejected…
       |   ^
    500|   expect(probe.bootstrapIssues).toBe(0);
    501|   expect(probe.recoveryInputs).toHaveLength(1);

⎯⎯⎯⎯⎯⎯⎯⎯⎯⎯⎯⎯⎯⎯⎯⎯⎯⎯⎯⎯⎯⎯⎯[3/19]⎯

 FAIL  tests/phase-3g-v3-room-rebase-red.test.ts > Phase 3g room-owned rebase scheduling RED > rejects wrong readiness scope and snapshot scope before bootstrap or recovery
AssertionError: expected [Function] to throw error including 'readiness' but got 'truncated canonical value'

Expected: "readiness"
Received: "truncated canonical value"

 ❯ tests/phase-3g-v3-room-rebase-red.test.ts:530:4
    528|     },
    529|    };
    530|    await expect(create(roomInput())).rejects.toThrow("readiness");
       |    ^
    531|    expect(probe.bootstrapIssues).toBe(0);
    532|    expect(probe.recoveryInputs).toEqual([]);

⎯⎯⎯⎯⎯⎯⎯⎯⎯⎯⎯⎯⎯⎯⎯⎯⎯⎯⎯⎯⎯⎯⎯[4/19]⎯

 FAIL  tests/phase-3g-v3-room-rebase-red.test.ts > Phase 3g room-owned rebase scheduling RED > retires structural source rows, accepts the full configured plane bound, and gates new issue on rebase
TypeError: truncated canonical value
 ❯ assertSupportedGenesisLineagePolicy examples/v3-room/src/index.ts:635:21
    633| 
    634| function assertSupportedGenesisLineagePolicy(exactCanonicalParametersC…
    635|  const parameters = decodeCanonical(exactCanonicalParametersCarrierByt…
       |                     ^
    636|  if (parameters === null || typeof parameters !== "object" || Array.is…
    637|  if (!Object.hasOwn(parameters, "lineagePolicy")) return;
 ❯ decodeCreatorInvite examples/v3-room/src/index.ts:700:2
 ❯ createV3RoomSessionOwned examples/v3-room/src/index.ts:1577:19
 ❯ createV3RoomSession examples/v3-room/src/index.ts:1517:9
 ❯ tests/phase-3g-v3-room-rebase-red.test.ts:550:25

⎯⎯⎯⎯⎯⎯⎯⎯⎯⎯⎯⎯⎯⎯⎯⎯⎯⎯⎯⎯⎯⎯⎯⎯⎯⎯⎯⎯⎯⎯
Serialized Error: { code: 'CANONICAL_DECODING' }
⎯⎯⎯⎯⎯⎯⎯⎯⎯⎯⎯⎯⎯⎯⎯⎯⎯⎯⎯⎯⎯⎯⎯[5/19]⎯

 FAIL  tests/phase-3g-v3-room-rebase-red.test.ts > Phase 3g room-owned rebase scheduling RED > orders exact rebase and transform inputs while expire and held review perform no issue
TypeError: truncated canonical value
 ❯ assertSupportedGenesisLineagePolicy examples/v3-room/src/index.ts:635:21
    633| 
    634| function assertSupportedGenesisLineagePolicy(exactCanonicalParametersC…
    635|  const parameters = decodeCanonical(exactCanonicalParametersCarrierByt…
       |                     ^
    636|  if (parameters === null || typeof parameters !== "object" || Array.is…
    637|  if (!Object.hasOwn(parameters, "lineagePolicy")) return;
 ❯ decodeCreatorInvite examples/v3-room/src/index.ts:700:2
 ❯ createV3RoomSessionOwned examples/v3-room/src/index.ts:1577:19
 ❯ createV3RoomSession examples/v3-room/src/index.ts:1517:9
 ❯ tests/phase-3g-v3-room-rebase-red.test.ts:606:23

⎯⎯⎯⎯⎯⎯⎯⎯⎯⎯⎯⎯⎯⎯⎯⎯⎯⎯⎯⎯⎯⎯⎯⎯⎯⎯⎯⎯⎯⎯
Serialized Error: { code: 'CANONICAL_DECODING' }
⎯⎯⎯⎯⎯⎯⎯⎯⎯⎯⎯⎯⎯⎯⎯⎯⎯⎯⎯⎯⎯⎯⎯[6/19]⎯

 FAIL  tests/phase-3g-v3-room-rebase-red.test.ts > Phase 3g room-owned rebase scheduling RED > closes one source exactly once after every child has a terminal outcome
TypeError: truncated canonical value
 ❯ assertSupportedGenesisLineagePolicy examples/v3-room/src/index.ts:635:21
    633| 
    634| function assertSupportedGenesisLineagePolicy(exactCanonicalParametersC…
    635|  const parameters = decodeCanonical(exactCanonicalParametersCarrierByt…
       |                     ^
    636|  if (parameters === null || typeof parameters !== "object" || Array.is…
    637|  if (!Object.hasOwn(parameters, "lineagePolicy")) return;
 ❯ decodeCreatorInvite examples/v3-room/src/index.ts:700:2
 ❯ createV3RoomSessionOwned examples/v3-room/src/index.ts:1577:19
 ❯ createV3RoomSession examples/v3-room/src/index.ts:1517:9
 ❯ tests/phase-3g-v3-room-rebase-red.test.ts:672:25

⎯⎯⎯⎯⎯⎯⎯⎯⎯⎯⎯⎯⎯⎯⎯⎯⎯⎯⎯⎯⎯⎯⎯⎯⎯⎯⎯⎯⎯⎯
Serialized Error: { code: 'CANONICAL_DECODING' }
⎯⎯⎯⎯⎯⎯⎯⎯⎯⎯⎯⎯⎯⎯⎯⎯⎯⎯⎯⎯⎯⎯⎯[7/19]⎯

 FAIL  tests/phase-3g-v3-room-rebase-red.test.ts > Phase 3g room-owned rebase scheduling RED > preserves published source work and completes pending work only after target acceptance
TypeError: truncated canonical value
 ❯ assertSupportedGenesisLineagePolicy examples/v3-room/src/index.ts:635:21
    633| 
    634| function assertSupportedGenesisLineagePolicy(exactCanonicalParametersC…
    635|  const parameters = decodeCanonical(exactCanonicalParametersCarrierByt…
       |                     ^
    636|  if (parameters === null || typeof parameters !== "object" || Array.is…
    637|  if (!Object.hasOwn(parameters, "lineagePolicy")) return;
 ❯ decodeCreatorInvite examples/v3-room/src/index.ts:700:2
 ❯ createV3RoomSessionOwned examples/v3-room/src/index.ts:1577:19
 ❯ createV3RoomSession examples/v3-room/src/index.ts:1517:9
 ❯ tests/phase-3g-v3-room-rebase-red.test.ts:706:25

⎯⎯⎯⎯⎯⎯⎯⎯⎯⎯⎯⎯⎯⎯⎯⎯⎯⎯⎯⎯⎯⎯⎯⎯⎯⎯⎯⎯⎯⎯
Serialized Error: { code: 'CANONICAL_DECODING' }
⎯⎯⎯⎯⎯⎯⎯⎯⎯⎯⎯⎯⎯⎯⎯⎯⎯⎯⎯⎯⎯⎯⎯[8/19]⎯

 FAIL  tests/phase-3g-v3-room-rebase-red.test.ts > Phase 3g room-owned rebase scheduling RED > batches sixteen compatible rebases behind one target signature
TypeError: truncated canonical value
 ❯ assertSupportedGenesisLineagePolicy examples/v3-room/src/index.ts:635:21
    633| 
    634| function assertSupportedGenesisLineagePolicy(exactCanonicalParametersC…
    635|  const parameters = decodeCanonical(exactCanonicalParametersCarrierByt…
       |                     ^
    636|  if (parameters === null || typeof parameters !== "object" || Array.is…
    637|  if (!Object.hasOwn(parameters, "lineagePolicy")) return;
 ❯ decodeCreatorInvite examples/v3-room/src/index.ts:700:2
 ❯ createV3RoomSessionOwned examples/v3-room/src/index.ts:1577:19
 ❯ createV3RoomSession examples/v3-room/src/index.ts:1517:9
 ❯ tests/phase-3g-v3-room-rebase-red.test.ts:746:25

⎯⎯⎯⎯⎯⎯⎯⎯⎯⎯⎯⎯⎯⎯⎯⎯⎯⎯⎯⎯⎯⎯⎯⎯⎯⎯⎯⎯⎯⎯
Serialized Error: { code: 'CANONICAL_DECODING' }
⎯⎯⎯⎯⎯⎯⎯⎯⎯⎯⎯⎯⎯⎯⎯⎯⎯⎯⎯⎯⎯⎯⎯[9/19]⎯

 FAIL  tests/phase-3g-v3-room-rebase-red.test.ts > Phase 3g room-owned rebase scheduling RED > splits seventeen compatible rebases into sixteen plus one
TypeError: truncated canonical value
 ❯ assertSupportedGenesisLineagePolicy examples/v3-room/src/index.ts:635:21
    633| 
    634| function assertSupportedGenesisLineagePolicy(exactCanonicalParametersC…
    635|  const parameters = decodeCanonical(exactCanonicalParametersCarrierByt…
       |                     ^
    636|  if (parameters === null || typeof parameters !== "object" || Array.is…
    637|  if (!Object.hasOwn(parameters, "lineagePolicy")) return;
 ❯ decodeCreatorInvite examples/v3-room/src/index.ts:700:2
 ❯ createV3RoomSessionOwned examples/v3-room/src/index.ts:1577:19
 ❯ createV3RoomSession examples/v3-room/src/index.ts:1517:9
 ❯ tests/phase-3g-v3-room-rebase-red.test.ts:792:23

⎯⎯⎯⎯⎯⎯⎯⎯⎯⎯⎯⎯⎯⎯⎯⎯⎯⎯⎯⎯⎯⎯⎯⎯⎯⎯⎯⎯⎯⎯
Serialized Error: { code: 'CANONICAL_DECODING' }
⎯⎯⎯⎯⎯⎯⎯⎯⎯⎯⎯⎯⎯⎯⎯⎯⎯⎯⎯⎯⎯⎯[10/19]⎯

 FAIL  tests/phase-3g-v3-room-rebase-red.test.ts > Phase 3g room-owned rebase scheduling RED > refuses a foreign-author displaced intent before signing or issuing
TypeError: truncated canonical value
 ❯ assertSupportedGenesisLineagePolicy examples/v3-room/src/index.ts:635:21
    633| 
    634| function assertSupportedGenesisLineagePolicy(exactCanonicalParametersC…
    635|  const parameters = decodeCanonical(exactCanonicalParametersCarrierByt…
       |                     ^
    636|  if (parameters === null || typeof parameters !== "object" || Array.is…
    637|  if (!Object.hasOwn(parameters, "lineagePolicy")) return;
 ❯ decodeCreatorInvite examples/v3-room/src/index.ts:700:2
 ❯ createV3RoomSessionOwned examples/v3-room/src/index.ts:1577:19
 ❯ createV3RoomSession examples/v3-room/src/index.ts:1517:9
 ❯ tests/phase-3g-v3-room-rebase-red.test.ts:828:25

⎯⎯⎯⎯⎯⎯⎯⎯⎯⎯⎯⎯⎯⎯⎯⎯⎯⎯⎯⎯⎯⎯⎯⎯⎯⎯⎯⎯⎯⎯
Serialized Error: { code: 'CANONICAL_DECODING' }
⎯⎯⎯⎯⎯⎯⎯⎯⎯⎯⎯⎯⎯⎯⎯⎯⎯⎯⎯⎯⎯⎯[11/19]⎯

 FAIL  tests/phase-3g-v3-room-rebase-red.test.ts > Phase 3g room-owned rebase scheduling RED > sorts displaced pages before assigning fresh target logical times
TypeError: truncated canonical value
 ❯ assertSupportedGenesisLineagePolicy examples/v3-room/src/index.ts:635:21
    633| 
    634| function assertSupportedGenesisLineagePolicy(exactCanonicalParametersC…
    635|  const parameters = decodeCanonical(exactCanonicalParametersCarrierByt…
       |                     ^
    636|  if (parameters === null || typeof parameters !== "object" || Array.is…
    637|  if (!Object.hasOwn(parameters, "lineagePolicy")) return;
 ❯ decodeCreatorInvite examples/v3-room/src/index.ts:700:2
 ❯ createV3RoomSessionOwned examples/v3-room/src/index.ts:1577:19
 ❯ createV3RoomSession examples/v3-room/src/index.ts:1517:9
 ❯ tests/phase-3g-v3-room-rebase-red.test.ts:880:25

⎯⎯⎯⎯⎯⎯⎯⎯⎯⎯⎯⎯⎯⎯⎯⎯⎯⎯⎯⎯⎯⎯⎯⎯⎯⎯⎯⎯⎯⎯
Serialized Error: { code: 'CANONICAL_DECODING' }
⎯⎯⎯⎯⎯⎯⎯⎯⎯⎯⎯⎯⎯⎯⎯⎯⎯⎯⎯⎯⎯⎯[12/19]⎯

 FAIL  tests/phase-3g-v3-room-rebase-red.test.ts > Phase 3g room-owned rebase scheduling RED > suppresses an accepted exact identity before issue and rejects changed bytes
TypeError: truncated canonical value
 ❯ assertSupportedGenesisLineagePolicy examples/v3-room/src/index.ts:635:21
    633| 
    634| function assertSupportedGenesisLineagePolicy(exactCanonicalParametersC…
    635|  const parameters = decodeCanonical(exactCanonicalParametersCarrierByt…
       |                     ^
    636|  if (parameters === null || typeof parameters !== "object" || Array.is…
    637|  if (!Object.hasOwn(parameters, "lineagePolicy")) return;
 ❯ decodeCreatorInvite examples/v3-room/src/index.ts:700:2
 ❯ createV3RoomSessionOwned examples/v3-room/src/index.ts:1577:19
 ❯ createV3RoomSession examples/v3-room/src/index.ts:1517:9
 ❯ tests/phase-3g-v3-room-rebase-red.test.ts:904:26

⎯⎯⎯⎯⎯⎯⎯⎯⎯⎯⎯⎯⎯⎯⎯⎯⎯⎯⎯⎯⎯⎯⎯⎯⎯⎯⎯⎯⎯⎯
Serialized Error: { code: 'CANONICAL_DECODING' }
⎯⎯⎯⎯⎯⎯⎯⎯⎯⎯⎯⎯⎯⎯⎯⎯⎯⎯⎯⎯⎯⎯[13/19]⎯

 FAIL  tests/phase-3g-v3-room-rebase-red.test.ts > Phase 3g room-owned rebase scheduling RED > keeps the source pending and terminally exposes target issue or publication failure
TypeError: truncated canonical value
 ❯ assertSupportedGenesisLineagePolicy examples/v3-room/src/index.ts:635:21
    633| 
    634| function assertSupportedGenesisLineagePolicy(exactCanonicalParametersC…
    635|  const parameters = decodeCanonical(exactCanonicalParametersCarrierByt…
       |                     ^
    636|  if (parameters === null || typeof parameters !== "object" || Array.is…
    637|  if (!Object.hasOwn(parameters, "lineagePolicy")) return;
 ❯ decodeCreatorInvite examples/v3-room/src/index.ts:700:2
 ❯ createV3RoomSessionOwned examples/v3-room/src/index.ts:1577:19
 ❯ createV3RoomSession examples/v3-room/src/index.ts:1517:9
 ❯ tests/phase-3g-v3-room-rebase-red.test.ts:957:26

⎯⎯⎯⎯⎯⎯⎯⎯⎯⎯⎯⎯⎯⎯⎯⎯⎯⎯⎯⎯⎯⎯⎯⎯⎯⎯⎯⎯⎯⎯
Serialized Error: { code: 'CANONICAL_DECODING' }
⎯⎯⎯⎯⎯⎯⎯⎯⎯⎯⎯⎯⎯⎯⎯⎯⎯⎯⎯⎯⎯⎯[14/19]⎯

 FAIL  tests/phase-3g-v3-room-rebase-red.test.ts > Phase 3g room-owned rebase scheduling RED > keeps a failed source completion pending and retries it on reopen
TypeError: truncated canonical value
 ❯ assertSupportedGenesisLineagePolicy examples/v3-room/src/index.ts:635:21
    633| 
    634| function assertSupportedGenesisLineagePolicy(exactCanonicalParametersC…
    635|  const parameters = decodeCanonical(exactCanonicalParametersCarrierByt…
       |                     ^
    636|  if (parameters === null || typeof parameters !== "object" || Array.is…
    637|  if (!Object.hasOwn(parameters, "lineagePolicy")) return;
 ❯ decodeCreatorInvite examples/v3-room/src/index.ts:700:2
 ❯ createV3RoomSessionOwned examples/v3-room/src/index.ts:1577:19
 ❯ createV3RoomSession examples/v3-room/src/index.ts:1517:9
 ❯ tests/phase-3g-v3-room-rebase-red.test.ts:1008:34

⎯⎯⎯⎯⎯⎯⎯⎯⎯⎯⎯⎯⎯⎯⎯⎯⎯⎯⎯⎯⎯⎯⎯⎯⎯⎯⎯⎯⎯⎯
Serialized Error: { code: 'CANONICAL_DECODING' }
⎯⎯⎯⎯⎯⎯⎯⎯⎯⎯⎯⎯⎯⎯⎯⎯⎯⎯⎯⎯⎯⎯[15/19]⎯

 FAIL  tests/phase-3g-v3-room-rebase-red.test.ts > Phase 3g room-owned rebase scheduling RED > fails unknown policy and unstable transform identity before target issuance
TypeError: truncated canonical value
 ❯ assertSupportedGenesisLineagePolicy examples/v3-room/src/index.ts:635:21
    633| 
    634| function assertSupportedGenesisLineagePolicy(exactCanonicalParametersC…
    635|  const parameters = decodeCanonical(exactCanonicalParametersCarrierByt…
       |                     ^
    636|  if (parameters === null || typeof parameters !== "object" || Array.is…
    637|  if (!Object.hasOwn(parameters, "lineagePolicy")) return;
 ❯ decodeCreatorInvite examples/v3-room/src/index.ts:700:2
 ❯ createV3RoomSessionOwned examples/v3-room/src/index.ts:1577:19
 ❯ createV3RoomSession examples/v3-room/src/index.ts:1517:9
 ❯ tests/phase-3g-v3-room-rebase-red.test.ts:1108:26

⎯⎯⎯⎯⎯⎯⎯⎯⎯⎯⎯⎯⎯⎯⎯⎯⎯⎯⎯⎯⎯⎯⎯⎯⎯⎯⎯⎯⎯⎯
Serialized Error: { code: 'CANONICAL_DECODING' }
⎯⎯⎯⎯⎯⎯⎯⎯⎯⎯⎯⎯⎯⎯⎯⎯⎯⎯⎯⎯⎯⎯[16/19]⎯

 FAIL  tests/phase-3g-v3-room-rebase-red.test.ts > Phase 3g room-owned rebase scheduling RED > keeps a transformed source pending when the product projection rejects its replacement
TypeError: truncated canonical value
 ❯ assertSupportedGenesisLineagePolicy examples/v3-room/src/index.ts:635:21
    633| 
    634| function assertSupportedGenesisLineagePolicy(exactCanonicalParametersC…
    635|  const parameters = decodeCanonical(exactCanonicalParametersCarrierByt…
       |                     ^
    636|  if (parameters === null || typeof parameters !== "object" || Array.is…
    637|  if (!Object.hasOwn(parameters, "lineagePolicy")) return;
 ❯ decodeCreatorInvite examples/v3-room/src/index.ts:700:2
 ❯ createV3RoomSessionOwned examples/v3-room/src/index.ts:1577:19
 ❯ createV3RoomSession examples/v3-room/src/index.ts:1517:9
 ❯ tests/phase-3g-v3-room-rebase-red.test.ts:1163:25

⎯⎯⎯⎯⎯⎯⎯⎯⎯⎯⎯⎯⎯⎯⎯⎯⎯⎯⎯⎯⎯⎯⎯⎯⎯⎯⎯⎯⎯⎯
Serialized Error: { code: 'CANONICAL_DECODING' }
⎯⎯⎯⎯⎯⎯⎯⎯⎯⎯⎯⎯⎯⎯⎯⎯⎯⎯⎯⎯⎯⎯[17/19]⎯

 FAIL  tests/phase-3g-v3-room-rebase-red.test.ts > Phase 3g room-owned rebase scheduling RED > keeps a recovered projection-rejected replacement and its source pending without reissue
TypeError: truncated canonical value
 ❯ assertSupportedGenesisLineagePolicy examples/v3-room/src/index.ts:635:21
    633| 
    634| function assertSupportedGenesisLineagePolicy(exactCanonicalParametersC…
    635|  const parameters = decodeCanonical(exactCanonicalParametersCarrierByt…
       |                     ^
    636|  if (parameters === null || typeof parameters !== "object" || Array.is…
    637|  if (!Object.hasOwn(parameters, "lineagePolicy")) return;
 ❯ decodeCreatorInvite examples/v3-room/src/index.ts:700:2
 ❯ createV3RoomSessionOwned examples/v3-room/src/index.ts:1577:19
 ❯ createV3RoomSession examples/v3-room/src/index.ts:1517:9
 ❯ tests/phase-3g-v3-room-rebase-red.test.ts:1217:25

⎯⎯⎯⎯⎯⎯⎯⎯⎯⎯⎯⎯⎯⎯⎯⎯⎯⎯⎯⎯⎯⎯⎯⎯⎯⎯⎯⎯⎯⎯
Serialized Error: { code: 'CANONICAL_DECODING' }
⎯⎯⎯⎯⎯⎯⎯⎯⎯⎯⎯⎯⎯⎯⎯⎯⎯⎯⎯⎯⎯⎯[18/19]⎯

 FAIL  tests/phase-3g-v3-room-rebase-red.test.ts > Phase 3g room-owned rebase scheduling RED > keeps the reserved terminal activation outside the real chat and zone displacement policies
Error: Failed to resolve entry for package "@ts-drp/outcome-commit". The package may have incorrect main/module/exports specified in its package.json.
  Plugin: vite:import-analysis
  File: /private/tmp/d110c-f5b0w-green-m7UvLk/checkout/examples/grid/src/v3-zone.ts:25:7
  12 |    verifyOutcomeCommitAdmissionOperation,
  13 |    verifyOutcomeCommitOperation
  14 |  } from "@ts-drp/outcome-commit";
     |          ^
  15 |  const ZONE_ARTIFACT_SOURCE = `function exactKeys(value,keys){return value!==null&&typeof value==="object"&&!Array.isArray(value)&&Object.keys(value).length===keys.length&&keys.every(key=>Object.prototype.hasOwnProperty.call(value,key))}const migrationKeys=["applicationStateDigest","archivePolicy","authorityKind","exactCanonicalApplicationStateBytes","kind","rehearsalNonce","sourceAcceptedOperationCount","sourceAcceptedOperationsDigest","sourceAnchorDigest","sourceBlueprintDigest","sourceCreatorAuthor","sourceObjectId","targetAnchorDigest","targetBlueprintDigest","targetCreatorAuthor","targetImportOperationCount","targetImportOperationsDigest","targetObjectId","version"];function applicationBatchReducer(input){const operation=input.operation;if(!exactKeys(operation,["action","batch"])||operation.action!=="applicationBatch"||!exactKeys(operation.batch,["entries","version"])||operation.batch.version!==1||!Array.isArray(operation.batch.entries)||operation.batch.entries.length<2||operation.batch.entries.length>16)throw new TypeError("invalid application batch");let prior=-1;const output=[];for(const entry of operation.batch.entries){const child=entry.operation;if(!exactKeys(entry,["logicalTime","operation"])||!Number.isSafeInteger(entry.logicalTime)||entry.logicalTime<0||entry.logicalTime<=prior||!exactKeys(child,["action","id","kind","x","y"])||child.action!=="placeBlock"||typeof child.id!=="string"||child.id.length===0||typeof child.kind!=="string"||child.kind.length===0||!Number.isSafeInteger(child.x)||!Number.isSafeInteger(child.y))throw new TypeError("invalid application batch entry");prior=entry.logicalTime;output.push(child)}return {output,state:input.state}}function causalJoinReducer(input){return {output:null,state:input.state}}function commitOutcomeReducer(input){const operation=input.operation;if(!exactKeys(operation,["action","proof"])||operation.action!=="commit-outcome-v1"||!exactKeys(operation.proof,["action","approvals","clientOperationId","exactCanonicalIntentBytes","exactCanonicalPayloadBytes"]))throw new TypeError("invalid outcome commit");return {output:operation,state:input.state}}function joinReducer(input){return {output:input.operation,state:input.state}}function migrationActivationReducer(input){const operation=input.operation;if(!exactKeys(operation,["action","decision"])||operation.action!=="migrationActivation"||operation.decision===null||typeof operation.decision!=="object"||Array.isArray(operation.decision))throw new TypeError("invalid migration activation");return {output:null,state:input.state}}function migrationRecordReducer(input){const operation=input.operation;const record=operation&&operation.record;if(!exactKeys(operation,["action","record"])||operation.action!=="migrationRecord"||!exactKeys(record,migrationKeys)||record.kind!=="ts-drp-v3-room-migration-record"||record.version!==1||record.archivePolicy!=="retain-source"||record.authorityKind!=="creator-ed25519-registered-vertex-v1")throw new TypeError("invalid migration record");return {output:null,state:input.state}}function placeBlockReducer(input){return {output:input.operation,state:input.state}}export const blueprint={exportSchemaVersion:1,artifactId:"v3-zone.v1",runtimeProfile:"ecmascript-2024-sync-v1",reducers:{applicationBatch:applicationBatchReducer,causalJoin:causalJoinReducer,"commit-outcome-v1":commitOutcomeReducer,join:joinReducer,migrationActivation:migrationActivationReducer,migrationRecord:migrationRecordReducer,placeBlock:placeBlockReducer}};`;
  16 |  const PARAMETERS = Object.freeze({
 ❯ packageEntryFailure node_modules/.pnpm/vite@6.3.4_@types+node@22.14.0_terser@5.49.0_tsx@4.19.1_yaml@2.8.0/node_modules/vite/dist/node/chunks/dep-Bn81Esdm.js:16198:15
 ❯ resolvePackageEntry node_modules/.pnpm/vite@6.3.4_@types+node@22.14.0_terser@5.49.0_tsx@4.19.1_yaml@2.8.0/node_modules/vite/dist/node/chunks/dep-Bn81Esdm.js:16195:3
 ❯ tryNodeResolve node_modules/.pnpm/vite@6.3.4_@types+node@22.14.0_terser@5.49.0_tsx@4.19.1_yaml@2.8.0/node_modules/vite/dist/node/chunks/dep-Bn81Esdm.js:16060:18
 ❯ ResolveIdContext.resolveId node_modules/.pnpm/vite@6.3.4_@types+node@22.14.0_terser@5.49.0_tsx@4.19.1_yaml@2.8.0/node_modules/vite/dist/node/chunks/dep-Bn81Esdm.js:15831:19
 ❯ EnvironmentPluginContainer.resolveId node_modules/.pnpm/vite@6.3.4_@types+node@22.14.0_terser@5.49.0_tsx@4.19.1_yaml@2.8.0/node_modules/vite/dist/node/chunks/dep-Bn81Esdm.js:42213:17
 ❯ TransformPluginContext.resolve node_modules/.pnpm/vite@6.3.4_@types+node@22.14.0_terser@5.49.0_tsx@4.19.1_yaml@2.8.0/node_modules/vite/dist/node/chunks/dep-Bn81Esdm.js:42420:15
 ❯ normalizeUrl node_modules/.pnpm/vite@6.3.4_@types+node@22.14.0_terser@5.49.0_tsx@4.19.1_yaml@2.8.0/node_modules/vite/dist/node/chunks/dep-Bn81Esdm.js:40463:26
 ❯ node_modules/.pnpm/vite@6.3.4_@types+node@22.14.0_terser@5.49.0_tsx@4.19.1_yaml@2.8.0/node_modules/vite/dist/node/chunks/dep-Bn81Esdm.js:40594:37

⎯⎯⎯⎯⎯⎯⎯⎯⎯⎯⎯⎯⎯⎯⎯⎯⎯⎯⎯⎯⎯⎯⎯⎯⎯⎯⎯⎯⎯⎯
Serialized Error: { __vitest_rollup_error__: { plugin: 'vite:import-analysis', id: '/private/tmp/d110c-f5b0w-green-m7UvLk/checkout/examples/grid/src/v3-zone.ts', loc: { file: '/private/tmp/d110c-f5b0w-green-m7UvLk/checkout/examples/grid/src/v3-zone.ts', line: 25, column: 7 }, frame: '12 |    verifyOutcomeCommitAdmissionOperation,\n13 |    verifyOutcomeCommitOperation\n14 |  } from "@ts-drp/outcome-commit";\n   |          ^\n15 |  const ZONE_ARTIFACT_SOURCE = `function exactKeys(value,keys){return value!==null&&typeof value==="object"&&!Array.isArray(value)&&Object.keys(value).length===keys.length&&keys.every(key=>Object.prototype.hasOwnProperty.call(value,key))}const migrationKeys=["applicationStateDigest","archivePolicy","authorityKind","exactCanonicalApplicationStateBytes","kind","rehearsalNonce","sourceAcceptedOperationCount","sourceAcceptedOperationsDigest","sourceAnchorDigest","sourceBlueprintDigest","sourceCreatorAuthor","sourceObjectId","targetAnchorDigest","targetBlueprintDigest","targetCreatorAuthor","targetImportOperationCount","targetImportOperationsDigest","targetObjectId","version"];function applicationBatchReducer(input){const operation=input.operation;if(!exactKeys(operation,["action","batch"])||operation.action!=="applicationBatch"||!exactKeys(operation.batch,["entries","version"])||operation.batch.version!==1||!Array.isArray(operation.batch.entries)||operation.batch.entries.length<2||operation.batch.entries.length>16)throw new TypeError("invalid application batch");let prior=-1;const output=[];for(const entry of operation.batch.entries){const child=entry.operation;if(!exactKeys(entry,["logicalTime","operation"])||!Number.isSafeInteger(entry.logicalTime)||entry.logicalTime<0||entry.logicalTime<=prior||!exactKeys(child,["action","id","kind","x","y"])||child.action!=="placeBlock"||typeof child.id!=="string"||child.id.length===0||typeof child.kind!=="string"||child.kind.length===0||!Number.isSafeInteger(child.x)||!Number.isSafeInteger(child.y))throw new TypeError("invalid application batch entry");prior=entry.logicalTime;output.push(child)}return {output,state:input.state}}function causalJoinReducer(input){return {output:null,state:input.state}}function commitOutcomeReducer(input){const operation=input.operation;if(!exactKeys(operation,["action","proof"])||operation.action!=="commit-outcome-v1"||!exactKeys(operation.proof,["action","approvals","clientOperationId","exactCanonicalIntentBytes","exactCanonicalPayloadBytes"]))throw new TypeError("invalid outcome commit");return {output:operation,state:input.state}}function joinReducer(input){return {output:input.operation,state:input.state}}function migrationActivationReducer(input){const operation=input.operation;if(!exactKeys(operation,["action","decision"])||operation.action!=="migrationActivation"||operation.decision===null||typeof operation.decision!=="object"||Array.isArray(operation.decision))throw new TypeError("invalid migration activation");return {output:null,state:input.state}}function migrationRecordReducer(input){const operation=input.operation;const record=operation&&operation.record;if(!exactKeys(operation,["action","record"])||operation.action!=="migrationRecord"||!exactKeys(record,migrationKeys)||record.kind!=="ts-drp-v3-room-migration-record"||record.version!==1||record.archivePolicy!=="retain-source"||record.authorityKind!=="creator-ed25519-registered-vertex-v1")throw new TypeError("invalid migration record");return {output:null,state:input.state}}function placeBlockReducer(input){return {output:input.operation,state:input.state}}export const blueprint={exportSchemaVersion:1,artifactId:"v3-zone.v1",runtimeProfile:"ecmascript-2024-sync-v1",reducers:{applicationBatch:applicationBatchReducer,causalJoin:causalJoinReducer,"commit-outcome-v1":commitOutcomeReducer,join:joinReducer,migrationActivation:migrationActivationReducer,migrationRecord:migrationRecordReducer,placeBlock:placeBlockReducer}};`;\n16 |  const PARAMETERS = Object.freeze({' } }
⎯⎯⎯⎯⎯⎯⎯⎯⎯⎯⎯⎯⎯⎯⎯⎯⎯⎯⎯⎯⎯⎯[19/19]⎯

