(node:11398) ExperimentalWarning: SQLite is an experimental feature and might change at any time
(Use `node --trace-warnings ...` to show where the warning was created)
(node:11418) ExperimentalWarning: SQLite is an experimental feature and might change at any time
(Use `node --trace-warnings ...` to show where the warning was created)
(node:11592) ExperimentalWarning: SQLite is an experimental feature and might change at any time
(Use `node --trace-warnings ...` to show where the warning was created)
(node:11612) ExperimentalWarning: SQLite is an experimental feature and might change at any time
(Use `node --trace-warnings ...` to show where the warning was created)
(node:11614) ExperimentalWarning: SQLite is an experimental feature and might change at any time
(Use `node --trace-warnings ...` to show where the warning was created)
stderr | tests/phase-6b-d110c-0c1f5b0b-node-red.test.ts > D.110c-0c1f5b0b Node settlement RED > [RED] rejects a genuine legacy-profile fence at ingress without journaling it
::v3-ingress admission-rejected

stderr | tests/phase-6b-d110c-0c1f5b0b-node-red.test.ts > D.110c-0c1f5b0b Node settlement RED > [control] admits a huge valid settlement fence, rejects m > f, and never calls the application sink
::v3-ingress not-authenticated

stderr | tests/phase-6b-d110c-0c1f5b0b-node-red.test.ts > D.110c-0c1f5b0b Node settlement RED > [control] uses the current anchor as admission authority for stale same-key ingress
::v3-ingress not-authenticated

(node:11650) ExperimentalWarning: SQLite is an experimental feature and might change at any time
(Use `node --trace-warnings ...` to show where the warning was created)
stderr | tests/e5-01-v3-operation-admission-red.test.ts > E5-01 serialized v3 operation admission > rejects remote replay conflicts before journal and effect while accepting one fresh vertex
::v3-ingress admission-rejected

(node:11652) ExperimentalWarning: SQLite is an experimental feature and might change at any time
(Use `node --trace-warnings ...` to show where the warning was created)
(node:11655) ExperimentalWarning: SQLite is an experimental feature and might change at any time
(Use `node --trace-warnings ...` to show where the warning was created)
(node:11657) ExperimentalWarning: SQLite is an experimental feature and might change at any time
(Use `node --trace-warnings ...` to show where the warning was created)
stderr | tests/phase-6b-d110c-0c1f5b0b-node-corrective-red.test.ts > D.110c-0c1f5b0b rejected-GREEN corrective RED > [control] preserves causalJoin ABI refusal on local generation and genuine signed ingress
::v3-ingress admission-rejected

(node:11676) ExperimentalWarning: SQLite is an experimental feature and might change at any time
(Use `node --trace-warnings ...` to show where the warning was created)
(node:11695) ExperimentalWarning: SQLite is an experimental feature and might change at any time
(Use `node --trace-warnings ...` to show where the warning was created)
