
 RUN  v3.1.1 /Users/aristotle/Documents/Projects/ts-drp-1

 ✓ tests/phase-4b-v3-live-snapshot-composition-red.test.ts (7 tests) 876ms
   ✓ Phase 4b-b live snapshot replacement composition tests-only RED > Phase 4b-b GREEN live snapshot composition > fails closed on digest, identity, ACL, schema, oversize, and unsafe carriers before registration effects  330ms
 ✓ tests/phase-4c-snapshot-pull-red.test.ts (12 tests) 14300ms
   ✓ Phase 4c-c authenticated snapshot pull RED > dormant GREEN transfer owner > adds only fixed non-root owners with exact types and unchanged roots  3267ms
   ✓ Phase 4c-c authenticated snapshot pull RED > dormant GREEN transfer owner > resumes a non-prefix durable subset, rejects corrupt and slow peers, and completes through 4c-a/4c-b  10158ms
   ✓ Phase 4c-c authenticated snapshot pull RED > dormant GREEN transfer owner > serves only a verified scope to an exactly authorized peer with bound manifest and chunk frames  354ms
 ✓ tests/phase-4c-v3-snapshot-transfer-composition-red.test.ts (5 tests) 941ms
   ✓ Phase 4c-c genuine D.100 snapshot transfer composition RED > dormant GREEN composition > uses three genuine nodes to reject a corrupt source, switch to an honest source, and activate without dialing  677ms
 ✓ tests/phase-6b-d110c-0c1f5b0t-settlement-progress-red.test.ts (22 tests) 212ms
 ✓ tests/phase-6b-d110c-0c1f5b0b-node-red.test.ts (27 tests) 1463ms
 ✓ tests/e5-01-v3-operation-admission-red.test.ts (8 tests) 385ms
 ✓ tests/protocol-v3-latched-acl-referee-successor-red.test.ts (7 tests) 124ms
 ✓ tests/phase-6b-d110c-0c1f5b0u-store-red.test.ts (12 tests) 188ms
 ✓ tests/phase-6b-d110c-0c1f5b0b-node-corrective-red.test.ts (13 tests) 1332ms
   ✓ D.110c-0c1f5b0b rejected-GREEN corrective RED > [control] preserves causalJoin ABI refusal on local generation and genuine signed ingress  311ms
 ✓ tests/phase-6b-d110c-0c1f4-bootstrap-policy.test.ts (3 tests) 154ms
 ✓ tests/phase-4a-v3-live-blueprint-fold.test.ts (2 tests) 193ms

 Test Files  11 passed (11)
      Tests  118 passed (118)
   Start at  04:36:12
   Duration  26.10s (transform 1.62s, setup 0ms, collect 4.04s, tests 20.17s, environment 1ms, prepare 487ms)

JSON report written to /Users/aristotle/Documents/Projects/ts-drp-1/.logs/d110c-0c1f5b-snapshot-fixture-green-dc2f8dc2/retained/result.json
