
> ts-drp@0.11.0 build:packages /private/tmp/d110c-f5b0u-successor-replay-red-ae3zI1/checkout
> pnpm --filter '@ts-drp/*' build

Scope: 40 of 48 workspace projects
packages/ephemeral build$ tsc -b tsconfig.build.json
packages/canonical build$ tsc -b tsconfig.build.json
packages/errors build$ tsc -b tsconfig.build.json
packages/membership build$ tsc -b tsconfig.build.json
packages/errors build: Done
packages/types build$ tsc -b tsconfig.build.json && node build.mjs
packages/membership build: Done
packages/canonical build: Done
packages/ephemeral build: Done
packages/types build: Done
packages/blueprints build$ tsc -b tsconfig.build.json && node build.mjs
packages/protocol-v3 build$ tsc -b tsconfig.build.json
packages/outcome-commit build$ tsc -b tsconfig.build.json
packages/logger build$ tsc -b tsconfig.build.json && node build.mjs
packages/logger build: Done
packages/rendezvous build$ tsc -b tsconfig.build.json
packages/blueprints build: Done
packages/storage build$ tsc -b tsconfig.build.json
packages/outcome-commit build: Done
packages/test-utils build$ tsc -b tsconfig.build.json
packages/protocol-v3 build: Done
packages/utils prebuild$ node -p "'export const VERSION = ' + JSON.stringify(require('./package.json').version) + ';'" > src/version.ts
packages/utils prebuild: Done
packages/utils build$ tsc -b tsconfig.build.json && node build.mjs
packages/rendezvous build: Done
packages/storage build: Done
packages/test-utils build: Done
packages/utils build: Done
packages/blueprint-catalog build$ tsc -b tsconfig.build.json
packages/interval-runner prebuild$ node -p "'export const VERSION = ' + JSON.stringify(require('./package.json').version) + ';'" > src/version.ts
packages/issuance-store build$ tsc -b tsconfig.build.json
packages/control-plane build$ tsc -b tsconfig.build.json
packages/interval-runner prebuild: Done
packages/interval-runner build$ tsc -b tsconfig.build.json && node build.mjs
packages/blueprint-catalog build: Done
packages/keychain build$ tsc -b tsconfig.build.json && node build.mjs
packages/interval-runner build: Done
packages/live-journal build$ tsc -b tsconfig.build.json
packages/issuance-store build: Done
packages/message-queue prebuild$ node -p "'export const VERSION = ' + JSON.stringify(require('./package.json').version) + ';'" > src/version.ts
packages/message-queue prebuild: Done
packages/message-queue build$ tsc -b tsconfig.build.json
packages/control-plane build: Done
packages/protocol-v2 build$ tsc -b tsconfig.build.json
packages/keychain build: Done
packages/relay-policy build$ tsc -b tsconfig.build.json
packages/live-journal build: Done
packages/routing-browser build$ tsc -b tsconfig.build.json
packages/message-queue build: Done
packages/tracer build$ tsc -b tsconfig.build.json && node build.mjs
packages/protocol-v2 build: Done
packages/validation prebuild$ node -p "'export const VERSION = ' + JSON.stringify(require('./package.json').version) + ';'" > src/version.ts
packages/validation prebuild: Done
packages/validation build$ tsc -b tsconfig.build.json && node build.mjs
packages/routing-browser build: Done
packages/relay-policy build: Done
packages/tracer build: Done
packages/validation build: Done
packages/blueprint-toolchain build$ tsc -b tsconfig.build.json
packages/interval-discovery prebuild$ node -p "'export const VERSION = ' + JSON.stringify(require('./package.json').version) + ';'" > src/version.ts
packages/interval-reconnect prebuild$ node -p "'export const VERSION = ' + JSON.stringify(require('./package.json').version) + ';'" > src/version.ts
packages/network build$ tsc -b tsconfig.build.json && node build.mjs
packages/interval-discovery prebuild: Done
packages/interval-discovery build$ tsc -b tsconfig.build.json
packages/interval-reconnect prebuild: Done
packages/interval-reconnect build$ tsc -b tsconfig.build.json
packages/interval-reconnect build: Done
packages/object build$ tsc -b tsconfig.build.json
packages/interval-discovery build: Done
packages/seal build$ tsc -b tsconfig.build.json
packages/blueprint-toolchain build: Done
packages/network build: Done
packages/seal build: Done
packages/object build: Done
packages/compaction build$ tsc -b tsconfig.build.json
packages/routing-node build$ tsc -b tsconfig.build.json
packages/routing-node build: Done
packages/compaction build: Done
packages/node prebuild$ node -p "'export const VERSION = ' + JSON.stringify(require('./package.json').version) + ';'" > src/version.ts
packages/storage-node build$ tsc -b tsconfig.build.json
packages/worker-host build$ tsc -b tsconfig.build.json
packages/node prebuild: Done
packages/node build$ tsc -b tsconfig.build.json && node build.mjs
packages/worker-host build: Done
packages/storage-node build: Done
packages/node build: Done
examples/browser-network build$ tsc --noEmit -p tsconfig.build.json
packages/network-spike build$ tsc -b tsconfig.build.json
packages/storage-browser build$ tsc -b tsconfig.build.json
examples/browser-network build: Done
packages/storage-browser build: Done
packages/network-spike build: Done
examples/v3-room build$ tsc --noEmit -p tsconfig.build.json
examples/v3-room build: Done
