
 RUN  v3.1.1 /Users/aristotle/Documents/Projects/ts-drp-1

 ❯ tests/phase-6b-d110c-0c1f5b-integration-red.test.ts (24 tests | 1 failed) 95802ms
   ✓ D.110c-0c1f5b parent genuine settlement composition > snapshot oracle removes controls before Kahn while ACL vertices retain their ordering effect 4ms
   ✓ D.110c-0c1f5b parent genuine settlement composition > snapshot oracle preserves prior state atomic batch entry order and duplicate effects 2ms
   ✓ D.110c-0c1f5b parent genuine settlement composition > retains checkpoint-terminal open progress through cold recovery across three transitions  2836ms
   × D.110c-0c1f5b parent genuine settlement composition > composes 64 active writers with universal plan fence and exact state accounting across three transitions 70025ms
     → Test timed out in 70000ms.
If this is a long-running test, pass a timeout value as the last argument or configure it globally with "testTimeout".
   ✓ D.110c-0c1f5b parent genuine settlement composition > case 1 withholds a distinct dependent author sequence until its delayed predecessor is settled  1410ms
   ✓ D.110c-0c1f5b parent genuine settlement composition > cases 6-9 authenticate same-key removal and same-device and fresh-device readmission  1931ms
   ✓ D.110c-0c1f5b parent genuine settlement composition > case 11 retains the hold across close and cold reopen until authenticated author-wide readmission  2174ms
   ✓ D.110c-0c1f5b parent genuine settlement composition > case 12 scans the largest valid fence without burning another author space  992ms
   ✓ D.110c-0c1f5b parent genuine settlement composition > case 12 ignores a stale fence at or below the authenticated terminal boundary  1032ms
   ✓ D.110c-0c1f5b parent genuine settlement composition > case 23 freezes only the equivocating author below a fence  1066ms
   ✓ D.110c-0c1f5b parent genuine settlement composition > cases 4 15 16 preserve unpublished-fence custody  892ms
   ✓ D.110c-0c1f5b parent genuine settlement composition > cases 4 15 16 preserve delayed-replacement custody  1266ms
   ✓ D.110c-0c1f5b parent genuine settlement composition > cases 4 15 16 preserve delayed-fence custody  1246ms
   ✓ D.110c-0c1f5b parent genuine settlement composition > case 17 closes an authenticated null-boundary member without a fence or slot zero  910ms
   ✓ D.110c-0c1f5b parent genuine settlement composition > cases 19-21 retain displaced control and sole plan completion ownership  708ms
   ✓ D.110c-0c1f5b parent genuine settlement composition > case 24a rejects a stale local head without regressing the authenticated floor  1188ms
   ✓ D.110c-0c1f5b parent genuine settlement composition > case 25 accounts exact surviving fence publication with committed=false  1081ms
   ✓ D.110c-0c1f5b parent genuine settlement composition > case 25 accounts exact surviving fence publication with committed=true  1044ms
   ✓ D.110c-0c1f5b parent genuine settlement composition > case 25 accounts exact surviving replacement publication with committed=false  925ms
   ✓ D.110c-0c1f5b parent genuine settlement composition > case 25 accounts exact surviving replacement publication with committed=true  863ms
   ✓ D.110c-0c1f5b parent genuine settlement composition > case 25 retains custody when bounded authenticated recovery cannot read durable truth  840ms
   ✓ D.110c-0c1f5b parent genuine settlement composition > case 13 prunes only beyond the fully retained authenticated rollback window  1773ms
   ✓ D.110c-0c1f5b parent genuine settlement composition > case 17 retains the exact legacy v1 reentry guard source custody 10ms
   ✓ D.110c-0c1f5b parent genuine settlement composition > keeps the genuine v1 room issue, close, adoption and cold reopen control unchanged  1584ms
 ✓ tests/phase-6b-d110c-0c1f5b0u-room-runtime-red.test.ts (21 tests) 8663ms
   ✓ D.110c-0c1f5b0w durable manual-review hold semantics > parent f5b P2 non-hold same-message application failure retains generic activation mapping  464ms
   ✓ D.110c-0c1f5b0w durable manual-review hold semantics > parent f5b P2 closed-session precedence is consistent for issue  522ms
   ✓ D.110c-0c1f5b0w durable manual-review hold semantics > parent f5b P2 closed-session precedence is consistent for rehearse  500ms
   ✓ D.110c-0c1f5b0w durable manual-review hold semantics > parent f5b P2 closed-session precedence is consistent for activate  529ms
   ✓ D.110c-0c1f5b0w durable manual-review hold semantics > creator-held seal succeeds through the genuine close owner with unchanged hold custody  342ms
   ✓ D.110c-0c1f5b0w durable manual-review hold semantics > no-hold creator seal succeeds through exactly one genuine close-owner call  336ms
   ✓ D.110c-0c1f5b0w durable manual-review hold semantics > same-epoch shutdown and reopen preserve exact hold scope revision source disposition and null link  348ms
   ✓ D.110c-0c1f5b0w durable manual-review hold semantics > held source refuses activation without target import or terminal effect  480ms
   ✓ D.110c-0c1f5b0w durable manual-review hold semantics > changed retained held policy remains terminal source-diff refusal rather than redisposition  349ms
   ✓ D.110c-0c1f5b0w durable manual-review hold semantics > single-generation internal redirect pins target hold refusal and orderly source cleanup  444ms
   ✓ D.110c-0c1f5b0u genuine room Node settlement composition > transforms 16 actual source intents and persists exact real Node batch times  446ms
   ✓ D.110c-0c1f5b0u genuine room Node settlement composition > recovers one genuinely signed before-commit failure onto a fresh active owner  331ms
   ✓ D.110c-0c1f5b0u genuine room Node settlement composition > recovers one genuinely signed partial-unknown failure onto a fresh active owner  723ms
   ✓ D.110c-0c1f5b0u genuine room Node settlement composition > recovers one genuinely signed final-unknown failure onto a fresh active owner  470ms
   ✓ D.110c-0c1f5b0u genuine room Node settlement composition > queues migration rehearsal behind startup recovery without a nested lifetime-tail deadlock  663ms
   ✓ D.110c-0c1f5b0u genuine room Node settlement composition > keeps a store-close cleanup failure terminal after signed recovery  328ms
   ✓ D.110c-0c1f5b0u genuine room Node settlement composition > rebinds creator-close to the fresh real plane or fails terminally (rebind failure false)  332ms

 Test Files  1 failed | 1 passed (2)
      Tests  1 failed | 44 passed (45)
   Start at  02:38:35
   Duration  107.66s (transform 18.23s, setup 0ms, collect 2.58s, tests 104.46s, environment 0ms, prepare 117ms)

JSON report written to /Users/aristotle/Documents/Projects/ts-drp-1/.logs/d110c-0c1f5b-green-wide-budget-48f6877d/main-45/focused.json
