Listing tests:
  [chromium] › phase-6a-creator-successor-product.pw.ts:735:1 › pins the exact successor product browser inventory
  [chromium] › phase-6a-creator-successor-product.pw.ts:753:1 › hot creator adoption exposes oracle authority and issues through the replacement handle
  [chromium] › phase-6a-creator-successor-product.pw.ts:786:1 › established peer cold reopen accepts the genuine epoch-one live operation
  [chromium] › phase-6a-creator-successor-product.pw.ts:814:1 › fresh late peer cold reopen accepts the targeted retained epoch-one operation
  [chromium] › phase-6a-creator-successor-product.pw.ts:903:1 › D.110c-0b0 provider crash and classification matrix fails closed
  [chromium] › phase-6a-creator-successor-product.pw.ts:1009:1 › concurrent adoption shares one success and one underlying transition; concurrent adoption shares one real verification failure; close joins a paused adoption before releasing lifetime ownership; predecessor deactivation failure cleans the replacement before escaping
  [chromium] › phase-6a-creator-successor-product.pw.ts:1155:1 › close at the post-activation gate cleans the successor exactly once; close at the post-predecessor-deactivation gate preserves causal cleanup
  [chromium] › phase-6a-creator-successor-product.pw.ts:1297:1 › cleanup failure preserves the predecessor failure in an ordered aggregate; activation failure remains primary while close joins adoption; drain failure still shuts down and releases browser ownership; drain and shutdown failure preserve ordered primary and cleanup errors; rehearsal blocks later adoption until its migration record releases; activation blocks later adoption until terminal transition releases; adoption blocks later rehearsal until verification releases; adoption blocks later activation until verification releases; overlapping rehearsal retains the existing fast-fail fence; independent room sessions do not share one lifetime queue; a failed adoption releases the lifetime queue for retry; accepted-vertex failure cannot deadlock queued adoption and shutdown
  [chromium] › phase-6a-creator-successor-product.pw.ts:2008:1 › redirect-pending adoption stays ahead of rehearsal; redirect-pending adoption stays ahead of activation; activation bytes are bounded before call-time copy; migration invites are bounded before call-time encoding
  [chromium] › phase-6a-creator-successor-product.pw.ts:2143:1 › D.110c-b advances one genuine room through hot epoch 0 to 1 to 2 and rebinds epoch 2 close custody
  [firefox] › phase-6a-creator-successor-product.pw.ts:735:1 › pins the exact successor product browser inventory
  [firefox] › phase-6a-creator-successor-product.pw.ts:753:1 › hot creator adoption exposes oracle authority and issues through the replacement handle
  [firefox] › phase-6a-creator-successor-product.pw.ts:786:1 › established peer cold reopen accepts the genuine epoch-one live operation
  [firefox] › phase-6a-creator-successor-product.pw.ts:814:1 › fresh late peer cold reopen accepts the targeted retained epoch-one operation
  [firefox] › phase-6a-creator-successor-product.pw.ts:903:1 › D.110c-0b0 provider crash and classification matrix fails closed
  [firefox] › phase-6a-creator-successor-product.pw.ts:1009:1 › concurrent adoption shares one success and one underlying transition; concurrent adoption shares one real verification failure; close joins a paused adoption before releasing lifetime ownership; predecessor deactivation failure cleans the replacement before escaping
  [firefox] › phase-6a-creator-successor-product.pw.ts:1155:1 › close at the post-activation gate cleans the successor exactly once; close at the post-predecessor-deactivation gate preserves causal cleanup
  [firefox] › phase-6a-creator-successor-product.pw.ts:1297:1 › cleanup failure preserves the predecessor failure in an ordered aggregate; activation failure remains primary while close joins adoption; drain failure still shuts down and releases browser ownership; drain and shutdown failure preserve ordered primary and cleanup errors; rehearsal blocks later adoption until its migration record releases; activation blocks later adoption until terminal transition releases; adoption blocks later rehearsal until verification releases; adoption blocks later activation until verification releases; overlapping rehearsal retains the existing fast-fail fence; independent room sessions do not share one lifetime queue; a failed adoption releases the lifetime queue for retry; accepted-vertex failure cannot deadlock queued adoption and shutdown
  [firefox] › phase-6a-creator-successor-product.pw.ts:2008:1 › redirect-pending adoption stays ahead of rehearsal; redirect-pending adoption stays ahead of activation; activation bytes are bounded before call-time copy; migration invites are bounded before call-time encoding
  [firefox] › phase-6a-creator-successor-product.pw.ts:2143:1 › D.110c-b advances one genuine room through hot epoch 0 to 1 to 2 and rebinds epoch 2 close custody
  [webkit] › phase-6a-creator-successor-product.pw.ts:735:1 › pins the exact successor product browser inventory
  [webkit] › phase-6a-creator-successor-product.pw.ts:753:1 › hot creator adoption exposes oracle authority and issues through the replacement handle
  [webkit] › phase-6a-creator-successor-product.pw.ts:786:1 › established peer cold reopen accepts the genuine epoch-one live operation
  [webkit] › phase-6a-creator-successor-product.pw.ts:814:1 › fresh late peer cold reopen accepts the targeted retained epoch-one operation
  [webkit] › phase-6a-creator-successor-product.pw.ts:903:1 › D.110c-0b0 provider crash and classification matrix fails closed
  [webkit] › phase-6a-creator-successor-product.pw.ts:1009:1 › concurrent adoption shares one success and one underlying transition; concurrent adoption shares one real verification failure; close joins a paused adoption before releasing lifetime ownership; predecessor deactivation failure cleans the replacement before escaping
  [webkit] › phase-6a-creator-successor-product.pw.ts:1155:1 › close at the post-activation gate cleans the successor exactly once; close at the post-predecessor-deactivation gate preserves causal cleanup
  [webkit] › phase-6a-creator-successor-product.pw.ts:1297:1 › cleanup failure preserves the predecessor failure in an ordered aggregate; activation failure remains primary while close joins adoption; drain failure still shuts down and releases browser ownership; drain and shutdown failure preserve ordered primary and cleanup errors; rehearsal blocks later adoption until its migration record releases; activation blocks later adoption until terminal transition releases; adoption blocks later rehearsal until verification releases; adoption blocks later activation until verification releases; overlapping rehearsal retains the existing fast-fail fence; independent room sessions do not share one lifetime queue; a failed adoption releases the lifetime queue for retry; accepted-vertex failure cannot deadlock queued adoption and shutdown
  [webkit] › phase-6a-creator-successor-product.pw.ts:2008:1 › redirect-pending adoption stays ahead of rehearsal; redirect-pending adoption stays ahead of activation; activation bytes are bounded before call-time copy; migration invites are bounded before call-time encoding
  [webkit] › phase-6a-creator-successor-product.pw.ts:2143:1 › D.110c-b advances one genuine room through hot epoch 0 to 1 to 2 and rebinds epoch 2 close custody
Total: 30 tests in 1 file
