
 RUN  v3.1.1 /Users/aristotle/Documents/Projects/ts-drp-1

stdout | packages/storage-node/tests/phase-6a-creator-successor-local-author-death-red.test.ts > D.108d1b authenticated peer-local fresh-process issuance RED > fresh Node closes the D.108e4 authenticated oracle and per-reopen budget debt
D108E4L_TIMING {"arch":"arm64","availableParallelism":10,"members":[{"durationMs":44169.125166,"endOffsetMs":59812.668625,"name":"equality","startOffsetMs":15643.543459,"steps":[{"durationMs":198.79391599999872,"endOffsetMs":15842.337375,"name":"context-seed","startOffsetMs":15643.543459},{"durationMs":43940.602167000005,"endOffsetMs":59782.939542,"name":"reopen-and-evidence","startOffsetMs":15842.337375},{"durationMs":29.729082999998354,"endOffsetMs":59812.668625,"name":"close-context","startOffsetMs":59782.939542}],"counts":{"pageCount":8194,"returnedSequenceCount":8193}},{"durationMs":44137.163625,"endOffsetMs":59794.686459,"name":"reuse-0","startOffsetMs":15657.522834,"steps":[{"durationMs":186.69054099999994,"endOffsetMs":15844.213375,"name":"context-seed","startOffsetMs":15657.522834},{"durationMs":43930.470084,"endOffsetMs":59774.683459,"name":"reopen-and-evidence","startOffsetMs":15844.213375},{"durationMs":20.002999999996973,"endOffsetMs":59794.686459,"name":"close-context","startOffsetMs":59774.683459}],"counts":{"capturedIssuedCount":8190,"successorPageFaultCount":1}},{"durationMs":13837.247040999988,"endOffsetMs":73632.29637499999,"name":"reuse-1","startOffsetMs":59795.049334,"steps":[{"durationMs":57.42983299999469,"endOffsetMs":59852.479167,"name":"context-seed","startOffsetMs":59795.049334},{"durationMs":13771.403916999989,"endOffsetMs":73623.88308399999,"name":"reopen-and-evidence","startOffsetMs":59852.479167},{"durationMs":8.413291000004392,"endOffsetMs":73632.29637499999,"name":"close-context","startOffsetMs":73623.88308399999}],"counts":{"capturedIssuedCount":8190,"successorPageFaultCount":1}},{"durationMs":44152.802625000004,"endOffsetMs":59816.8945,"name":"over-budget","startOffsetMs":15664.091875,"steps":[{"durationMs":181.0123339999991,"endOffsetMs":15845.104209,"name":"context-seed","startOffsetMs":15664.091875},{"durationMs":43958.542125,"endOffsetMs":59803.646334,"name":"reopen-and-evidence","startOffsetMs":15845.104209},{"durationMs":13.248166000004858,"endOffsetMs":59816.8945,"name":"close-context","startOffsetMs":59803.646334}],"counts":{"pageCount":8195,"returnedSequenceCount":8195}},{"durationMs":44282.210125000005,"endOffsetMs":59953.54325,"name":"mismatch","startOffsetMs":15671.333125,"steps":[{"durationMs":174.88087500000074,"endOffsetMs":15846.214,"name":"context-seed","startOffsetMs":15671.333125},{"durationMs":44100.787959,"endOffsetMs":59947.001959,"name":"reopen-and-evidence","startOffsetMs":15846.214},{"durationMs":6.541291000001365,"endOffsetMs":59953.54325,"name":"close-context","startOffsetMs":59947.001959}],"counts":{"pageCount":2,"returnedSequenceCount":2}}],"nodeVersion":"v22.15.0","outcome":"proof","phases":[{"counts":{"storeOpenCount":2},"durationMs":5.090000000000003,"endOffsetMs":5.090000000000003,"maxRssKiB":91872,"name":"preflight-and-store-open","resourceDelta":{"fsRead":0,"fsWrite":0,"involuntaryContextSwitches":0,"systemCPUTime":1989,"userCPUTime":2803},"startOffsetMs":0},{"counts":{"appendCount":1},"durationMs":2.0051249999999925,"endOffsetMs":7.095124999999996,"maxRssKiB":92032,"name":"current-row","resourceDelta":{"fsRead":0,"fsWrite":0,"involuntaryContextSwitches":7,"systemCPUTime":341,"userCPUTime":1555},"startOffsetMs":5.090000000000003},{"counts":{"genuineFutureCount":1},"durationMs":258.651209,"endOffsetMs":265.746334,"maxRssKiB":129856,"name":"genuine-future","resourceDelta":{"fsRead":0,"fsWrite":0,"involuntaryContextSwitches":1190,"systemCPUTime":31054,"userCPUTime":329479},"startOffsetMs":7.095124999999996},{"counts":{"appendCount":8191},"durationMs":3645.8522500000004,"endOffsetMs":3911.5985840000003,"maxRssKiB":158704,"name":"authenticated-future-appends","resourceDelta":{"fsRead":0,"fsWrite":0,"involuntaryContextSwitches":11284,"systemCPUTime":550239,"userCPUTime":2066327},"startOffsetMs":265.746334},{"counts":{"maximumPageLimit":128,"probeCount":1},"durationMs":157.50404100000014,"endOffsetMs":4069.1026250000004,"maxRssKiB":203888,"name":"maximum-page-probe","resourceDelta":{"fsRead":0,"fsWrite":0,"involuntaryContextSwitches":1637,"systemCPUTime":24033,"userCPUTime":198712},"startOffsetMs":3911.5985840000003},{"counts":{"facadeCount":2,"materializedRowCount":8193},"durationMs":11433.974291999999,"endOffsetMs":15503.076917,"maxRssKiB":392592,"name":"equality-materialization-and-facades","resourceDelta":{"fsRead":0,"fsWrite":0,"involuntaryContextSwitches":87399,"systemCPUTime":840938,"userCPUTime":13569454},"startOffsetMs":4069.1026250000004},{"counts":{"appendCount":2,"authenticatedSuffixCount":2,"materializedRowCount":8195},"durationMs":137.63566700000047,"endOffsetMs":15640.712584,"maxRssKiB":393088,"name":"over-budget-preparation","resourceDelta":{"fsRead":0,"fsWrite":0,"involuntaryContextSwitches":983,"systemCPUTime":9293,"userCPUTime":159123},"startOffsetMs":15503.076917},{"counts":{"appendCount":2,"materializedRowCount":2},"durationMs":2.5360409999993863,"endOffsetMs":15643.248625,"maxRssKiB":393120,"name":"mismatch-preparation","resourceDelta":{"fsRead":0,"fsWrite":0,"involuntaryContextSwitches":4,"systemCPUTime":602,"userCPUTime":1163},"startOffsetMs":15640.712584},{"counts":{"recoveryCount":5},"durationMs":57989.130333999994,"endOffsetMs":73632.378959,"maxRssKiB":401984,"name":"concurrent-recoveries","resourceDelta":{"fsRead":0,"fsWrite":0,"involuntaryContextSwitches":202962,"systemCPUTime":1364692,"userCPUTime":48593765},"startOffsetMs":15643.248625},{"counts":{"proofCount":1},"durationMs":1.8212910000002012,"endOffsetMs":73634.20025,"maxRssKiB":401984,"name":"proof-assembly","resourceDelta":{"fsRead":0,"fsWrite":0,"involuntaryContextSwitches":6,"systemCPUTime":145,"userCPUTime":1911},"startOffsetMs":73632.378959}],"pid":21985,"platform":"darwin","schema":"d108e4l-v1","wallTimeMs":73634.20025,"memberCountErrors":[]}

 ✓ packages/storage-node/tests/phase-6a-creator-successor-local-author-death-red.test.ts (5 tests) 80785ms
   ✓ D.108d1b authenticated peer-local fresh-process issuance RED > fresh Node binds established and fresh chat peers while every ambiguous or unauthenticated cold reopen fails before live effects  6053ms
   ✓ D.108d1b authenticated peer-local fresh-process issuance RED > fresh Node closes the D.108e4 authenticated oracle and per-reopen budget debt  74711ms
 ✓ tests/phase-6b-d110c-0c1a-retirement-checkpoint-red.test.ts (3 tests) 1965ms
   ✓ D.110c-0c1a creator issuance-retirement checkpoint RED > requires one authenticated retirement carrier after a genuine dense creator close  361ms
   ✓ D.110c-0c1a creator issuance-retirement checkpoint RED > replaces the authenticated epoch-one carrier when the admitted boundary does not advance  1432ms
 ✓ tests/phase-6b-d110c-0b1-boundaries.test.ts (4 tests) 1580ms
 ✓ tests/phase-6a-creator-successor-local-author-red.test.ts (11 tests) 559ms
   ✓ D.108d1b authenticated peer-local cold issuance RED > admits Bob's genuine epoch-zero vertex before the multi-writer successor close  501ms
 ✓ tests/phase-6a-creator-successor-infrastructure-red.test.ts (10 tests) 560ms
 ✓ tests/protocol-v3-creator-author-issuance-frontiers.test.ts (4 tests) 622ms
   ✓ D.110c-0c1f2 creator author-issuance frontier carrier > round-trips the genuine creator-signed carrier and consumes preparation once  314ms
 ✓ tests/phase-6b-d110c-0b1-bounded-checkpoint-red.test.ts (3 tests) 1439ms
 ✓ tests/phase-6b-d110c-0c1f4-bootstrap-policy.test.ts (3 tests) 191ms
 ✓ tests/phase-6b-d110c-a-repeat-close-red.test.ts (1 test) 2274ms
   ✓ D.110c-a authenticated repeat-close carrier RED > extends authenticated compact history through one genuine adopted epoch-one close  2273ms
D110C_B_HOT_ADOPTION_COMPLETE
 ✓ tests/phase-6b-d110c-b-hot-adoption.test.ts (1 test) 3921ms
   ✓ D.110c-b general hot adoption GREEN > advances the genuine epoch-one close to one exact epoch-two active owner  3920ms
 ✓ tests/phase-6b-d110c-0c1b-committed-issuance-red.test.ts (3 tests) 1016ms
   ✓ D.110c-0c1b committed-issuance recovery-required RED > refuses a pre-bound close after a durable issue is omitted from live admission  454ms
   ✓ D.110c-0c1b committed-issuance recovery-required RED > releases a pre-durable byte-capacity reservation and preserves genuine close  324ms
 ✓ tests/phase-6b-d110c-0c1f5-foreign-author-close-liveness-red.test.ts (1 test) 8175ms
   ✓ D.110c-0c1f5 foreign-author close liveness > keeps foreign frontier anomalies author-local while creator corruption stays fail closed  8174ms
 ✓ tests/phase-6b-d110c-0c1f2-multi-author-frontier.test.ts (1 test) 561ms
   ✓ D.110c-0c1f2 bounded multi-author issuance frontier > authenticates the exact creator-signed frontiers from a genuine two-writer close  561ms
 ✓ tests/phase-6b-d110c-0c1f2-multi-author-frontier-red.test.ts (1 test) 332ms
   ✓ D.110c-0c1f2 compact multi-author issuance-frontier RED > requires a bounded authenticated frontier for every admitted successor writer  331ms

 Test Files  14 passed (14)
      Tests  51 passed (51)
   Start at  07:15:47
   Duration  112.74s (transform 1.86s, setup 0ms, collect 5.57s, tests 103.98s, environment 2ms, prepare 734ms)

JSON report written to /Users/aristotle/Documents/Projects/ts-drp-1/.logs/d110c-w0-retained-consumer-green-7c19a479/runtime-consumers/result.json
